Archive member included to satisfy reference by file (symbol)

/home/pierre/gcc-arm-none-eabi-10.3-2021.10/bin/../lib/gcc/arm-none-eabi/10.3.1/thumb/v7-m/nofp/libgcc.a(_arm_muldf3.o)
                              build/cc26x0-cc13x0/launchpad/cc2650/obj/ble-hal-cc26xx.o (__aeabi_dmul)
/home/pierre/gcc-arm-none-eabi-10.3-2021.10/bin/../lib/gcc/arm-none-eabi/10.3.1/thumb/v7-m/nofp/libgcc.a(_arm_addsubdf3.o)
                              build/cc26x0-cc13x0/launchpad/cc2650/obj/ble-hal-cc26xx.o (__aeabi_ui2d)
/home/pierre/gcc-arm-none-eabi-10.3-2021.10/bin/../lib/gcc/arm-none-eabi/10.3.1/thumb/v7-m/nofp/libgcc.a(_arm_muldivdf3.o)
                              build/cc26x0-cc13x0/launchpad/cc2650/obj/ble-hal-cc26xx.o (__aeabi_ddiv)
/home/pierre/gcc-arm-none-eabi-10.3-2021.10/bin/../lib/gcc/arm-none-eabi/10.3.1/thumb/v7-m/nofp/libgcc.a(_arm_fixunsdfsi.o)
                              build/cc26x0-cc13x0/launchpad/cc2650/obj/ble-hal-cc26xx.o (__aeabi_d2uiz)
/home/pierre/gcc-arm-none-eabi-10.3-2021.10/bin/../lib/gcc/arm-none-eabi/10.3.1/thumb/v7-m/nofp/libgcc.a(_aeabi_uldivmod.o)
                              build/cc26x0-cc13x0/launchpad/cc2650/obj/rf-core.o (__aeabi_uldivmod)
/home/pierre/gcc-arm-none-eabi-10.3-2021.10/bin/../lib/gcc/arm-none-eabi/10.3.1/thumb/v7-m/nofp/libgcc.a(_udivmoddi4.o)
                              /home/pierre/gcc-arm-none-eabi-10.3-2021.10/bin/../lib/gcc/arm-none-eabi/10.3.1/thumb/v7-m/nofp/libgcc.a(_aeabi_uldivmod.o) (__udivmoddi4)
/home/pierre/gcc-arm-none-eabi-10.3-2021.10/bin/../lib/gcc/arm-none-eabi/10.3.1/thumb/v7-m/nofp/libgcc.a(_dvmd_tls.o)
                              /home/pierre/gcc-arm-none-eabi-10.3-2021.10/bin/../lib/gcc/arm-none-eabi/10.3.1/thumb/v7-m/nofp/libgcc.a(_aeabi_uldivmod.o) (__aeabi_ldiv0)
/home/pierre/gcc-arm-none-eabi-10.3-2021.10/bin/../lib/gcc/arm-none-eabi/10.3.1/../../../../arm-none-eabi/lib/thumb/v7-m/nofp/libc.a(lib_a-memcmp.o)
                              build/cc26x0-cc13x0/launchpad/cc2650/obj/linkaddr.o (memcmp)
/home/pierre/gcc-arm-none-eabi-10.3-2021.10/bin/../lib/gcc/arm-none-eabi/10.3.1/../../../../arm-none-eabi/lib/thumb/v7-m/nofp/libc.a(lib_a-memcpy.o)
                              build/cc26x0-cc13x0/launchpad/cc2650/obj/board.o (memcpy)
/home/pierre/gcc-arm-none-eabi-10.3-2021.10/bin/../lib/gcc/arm-none-eabi/10.3.1/../../../../arm-none-eabi/lib/thumb/v7-m/nofp/libc.a(lib_a-memmove.o)
                              build/cc26x0-cc13x0/launchpad/cc2650/obj/uip-icmp6.o (memmove)
/home/pierre/gcc-arm-none-eabi-10.3-2021.10/bin/../lib/gcc/arm-none-eabi/10.3.1/../../../../arm-none-eabi/lib/thumb/v7-m/nofp/libc.a(lib_a-memset.o)
                              build/cc26x0-cc13x0/launchpad/cc2650/obj/rf-core.o (memset)
/home/pierre/gcc-arm-none-eabi-10.3-2021.10/bin/../lib/gcc/arm-none-eabi/10.3.1/../../../../arm-none-eabi/lib/thumb/v7-m/nofp/libc.a(lib_a-reent.o)
                              build/cc26x0-cc13x0/launchpad/cc2650/obj/syscalls.o (errno)
/home/pierre/gcc-arm-none-eabi-10.3-2021.10/bin/../lib/gcc/arm-none-eabi/10.3.1/../../../../arm-none-eabi/lib/thumb/v7-m/nofp/libc.a(lib_a-strcmp.o)
                              build/cc26x0-cc13x0/launchpad/cc2650/obj/log.o (strcmp)
/home/pierre/gcc-arm-none-eabi-10.3-2021.10/bin/../lib/gcc/arm-none-eabi/10.3.1/../../../../arm-none-eabi/lib/thumb/v7-m/nofp/libc.a(lib_a-strlen-stub.o)
                              build/cc26x0-cc13x0/launchpad/cc2650/obj/rf-ble.o (strlen)
/home/pierre/gcc-arm-none-eabi-10.3-2021.10/bin/../lib/gcc/arm-none-eabi/10.3.1/../../../../arm-none-eabi/lib/thumb/v7-m/nofp/libc.a(lib_a-strncmp.o)
                              build/cc26x0-cc13x0/launchpad/cc2650/obj/sensors.o (strncmp)
/home/pierre/gcc-arm-none-eabi-10.3-2021.10/bin/../lib/gcc/arm-none-eabi/10.3.1/../../../../arm-none-eabi/lib/thumb/v7-m/nofp/libc.a(lib_a-freer.o)
                              /home/pierre/gcc-arm-none-eabi-10.3-2021.10/bin/../lib/gcc/arm-none-eabi/10.3.1/../../../../arm-none-eabi/lib/thumb/v7-m/nofp/libc.a(lib_a-reent.o) (_free_r)
/home/pierre/gcc-arm-none-eabi-10.3-2021.10/bin/../lib/gcc/arm-none-eabi/10.3.1/../../../../arm-none-eabi/lib/thumb/v7-m/nofp/libc.a(lib_a-impure.o)
                              /home/pierre/gcc-arm-none-eabi-10.3-2021.10/bin/../lib/gcc/arm-none-eabi/10.3.1/../../../../arm-none-eabi/lib/thumb/v7-m/nofp/libc.a(lib_a-reent.o) (_impure_ptr)
/home/pierre/gcc-arm-none-eabi-10.3-2021.10/bin/../lib/gcc/arm-none-eabi/10.3.1/../../../../arm-none-eabi/lib/thumb/v7-m/nofp/libc.a(lib_a-mallocr.o)
                              /home/pierre/gcc-arm-none-eabi-10.3-2021.10/bin/../lib/gcc/arm-none-eabi/10.3.1/../../../../arm-none-eabi/lib/thumb/v7-m/nofp/libc.a(lib_a-freer.o) (__malloc_current_mallinfo)
/home/pierre/gcc-arm-none-eabi-10.3-2021.10/bin/../lib/gcc/arm-none-eabi/10.3.1/../../../../arm-none-eabi/lib/thumb/v7-m/nofp/libc.a(lib_a-mlock.o)
[...]
Memory Configuration

Name             Origin             Length             Attributes
FLASH            0x0000000000000000 0x000000000001ffa8 xr
FLASH_CCFG       0x000000000001ffa8 0x0000000000000058 xr
SRAM             0x0000000020000000 0x0000000000005000 xrw
GPRAM            0x0000000011000000 0x0000000000002000 xrw
*default*        0x0000000000000000 0xffffffffffffffff

Linker script and memory map

LOAD build/cc26x0-cc13x0/launchpad/cc2650/obj/fault-handlers.o
LOAD build/cc26x0-cc13x0/launchpad/cc2650/obj/ccfg.o
LOAD build/cc26x0-cc13x0/launchpad/cc2650/obj/startup_gcc.o
LOAD build/cc26x0-cc13x0/launchpad/cc2650/obj/platform.o
LOAD build/cc26x0-cc13x0/launchpad/cc2650/obj/leds-arch.o
LOAD build/cc26x0-cc13x0/launchpad/cc2650/obj/board.o
LOAD build/cc26x0-cc13x0/launchpad/cc2650/obj/board-buttons.o
LOAD build/cc26x0-cc13x0/launchpad/cc2650/obj/xmem.o
LOAD build/cc26x0-cc13x0/launchpad/cc2650/obj/clock.o
LOAD build/cc26x0-cc13x0/launchpad/cc2650/obj/rtimer-arch.o
LOAD build/cc26x0-cc13x0/launchpad/cc2650/obj/soc-rtc.o
LOAD build/cc26x0-cc13x0/launchpad/cc2650/obj/uart.o
LOAD build/cc26x0-cc13x0/launchpad/cc2650/obj/contiki-watchdog.o
LOAD build/cc26x0-cc13x0/launchpad/cc2650/obj/aux-ctrl.o
LOAD build/cc26x0-cc13x0/launchpad/cc2650/obj/dbg.o
LOAD build/cc26x0-cc13x0/launchpad/cc2650/obj/ieee-addr.o
LOAD build/cc26x0-cc13x0/launchpad/cc2650/obj/batmon-sensor.o
LOAD build/cc26x0-cc13x0/launchpad/cc2650/obj/adc-sensor.o
LOAD build/cc26x0-cc13x0/launchpad/cc2650/obj/slip-arch.o
LOAD build/cc26x0-cc13x0/launchpad/cc2650/obj/slip.o
LOAD build/cc26x0-cc13x0/launchpad/cc2650/obj/cc26xx-uart.o
LOAD build/cc26x0-cc13x0/launchpad/cc2650/obj/lpm.o
LOAD build/cc26x0-cc13x0/launchpad/cc2650/obj/gpio-interrupt.o
LOAD build/cc26x0-cc13x0/launchpad/cc2650/obj/gpio-hal-arch.o
LOAD build/cc26x0-cc13x0/launchpad/cc2650/obj/oscillators.o
LOAD build/cc26x0-cc13x0/launchpad/cc2650/obj/rf-core.o
LOAD build/cc26x0-cc13x0/launchpad/cc2650/obj/rf-ble.o
LOAD build/cc26x0-cc13x0/launchpad/cc2650/obj/ieee-mode.o
LOAD build/cc26x0-cc13x0/launchpad/cc2650/obj/ble-cc2650.o
LOAD build/cc26x0-cc13x0/launchpad/cc2650/obj/ble-hal-cc26xx.o
LOAD build/cc26x0-cc13x0/launchpad/cc2650/obj/ble-addr.o
LOAD build/cc26x0-cc13x0/launchpad/cc2650/obj/rf-ble-cmd.o
LOAD build/cc26x0-cc13x0/launchpad/cc2650/obj/random.o
LOAD build/cc26x0-cc13x0/launchpad/cc2650/obj/soc-trng.o
LOAD build/cc26x0-cc13x0/launchpad/cc2650/obj/int-master.o
LOAD build/cc26x0-cc13x0/launchpad/cc2650/obj/spi-arch.o
LOAD build/cc26x0-cc13x0/launchpad/cc2650/obj/cc26xx-aes.o
LOAD build/cc26x0-cc13x0/launchpad/cc2650/obj/contiki-main.o
LOAD build/cc26x0-cc13x0/launchpad/cc2650/obj/autostart.o
LOAD build/cc26x0-cc13x0/launchpad/cc2650/obj/ctimer.o
LOAD build/cc26x0-cc13x0/launchpad/cc2650/obj/log.o
LOAD build/cc26x0-cc13x0/launchpad/cc2650/obj/energest.o
LOAD build/cc26x0-cc13x0/launchpad/cc2650/obj/etimer.o
LOAD build/cc26x0-cc13x0/launchpad/cc2650/obj/node-id.o
LOAD build/cc26x0-cc13x0/launchpad/cc2650/obj/mutex.o
LOAD build/cc26x0-cc13x0/launchpad/cc2650/obj/stimer.o
LOAD build/cc26x0-cc13x0/launchpad/cc2650/obj/compower.o
LOAD build/cc26x0-cc13x0/launchpad/cc2650/obj/atomic.o
LOAD build/cc26x0-cc13x0/launchpad/cc2650/obj/rtimer.o
LOAD build/cc26x0-cc13x0/launchpad/cc2650/obj/process.o
LOAD build/cc26x0-cc13x0/launchpad/cc2650/obj/timer.o
LOAD build/cc26x0-cc13x0/launchpad/cc2650/obj/stack-check.o
LOAD build/cc26x0-cc13x0/launchpad/cc2650/obj/dbl-circ-list.o
LOAD build/cc26x0-cc13x0/launchpad/cc2650/obj/crc16.o
LOAD build/cc26x0-cc13x0/launchpad/cc2650/obj/ifft.o
LOAD build/cc26x0-cc13x0/launchpad/cc2650/obj/trickle-timer.o
LOAD build/cc26x0-cc13x0/launchpad/cc2650/obj/ccm-star.o
LOAD build/cc26x0-cc13x0/launchpad/cc2650/obj/dbl-list.o
LOAD build/cc26x0-cc13x0/launchpad/cc2650/obj/ringbufindex.o
LOAD build/cc26x0-cc13x0/launchpad/cc2650/obj/sensors.o
LOAD build/cc26x0-cc13x0/launchpad/cc2650/obj/list.o
LOAD build/cc26x0-cc13x0/launchpad/cc2650/obj/circular-list.o
LOAD build/cc26x0-cc13x0/launchpad/cc2650/obj/aes-128.o
LOAD build/cc26x0-cc13x0/launchpad/cc2650/obj/memb.o
LOAD build/cc26x0-cc13x0/launchpad/cc2650/obj/heapmem.o
LOAD build/cc26x0-cc13x0/launchpad/cc2650/obj/hexconv.o
LOAD build/cc26x0-cc13x0/launchpad/cc2650/obj/assert.o
LOAD build/cc26x0-cc13x0/launchpad/cc2650/obj/ringbuf.o
LOAD build/cc26x0-cc13x0/launchpad/cc2650/obj/button-hal.o
LOAD build/cc26x0-cc13x0/launchpad/cc2650/obj/serial-line.o
LOAD build/cc26x0-cc13x0/launchpad/cc2650/obj/spi.o
LOAD build/cc26x0-cc13x0/launchpad/cc2650/obj/leds.o
LOAD build/cc26x0-cc13x0/launchpad/cc2650/obj/nullradio.o
LOAD build/cc26x0-cc13x0/launchpad/cc2650/obj/gpio-hal.o
LOAD build/cc26x0-cc13x0/launchpad/cc2650/obj/queuebuf.o
LOAD build/cc26x0-cc13x0/launchpad/cc2650/obj/nbr-table.o
LOAD build/cc26x0-cc13x0/launchpad/cc2650/obj/packetbuf.o
LOAD build/cc26x0-cc13x0/launchpad/cc2650/obj/netstack.o
LOAD build/cc26x0-cc13x0/launchpad/cc2650/obj/linkaddr.o
LOAD build/cc26x0-cc13x0/launchpad/cc2650/obj/net-debug.o
LOAD build/cc26x0-cc13x0/launchpad/cc2650/obj/link-stats.o
LOAD build/cc26x0-cc13x0/launchpad/cc2650/obj/mac-sequence.o
LOAD build/cc26x0-cc13x0/launchpad/cc2650/obj/mac.o
LOAD build/cc26x0-cc13x0/launchpad/cc2650/obj/frame802154e-ie.o
LOAD build/cc26x0-cc13x0/launchpad/cc2650/obj/framer-802154.o
LOAD build/cc26x0-cc13x0/launchpad/cc2650/obj/nullframer.o
LOAD build/cc26x0-cc13x0/launchpad/cc2650/obj/frame802154.o
LOAD build/cc26x0-cc13x0/launchpad/cc2650/obj/ext-flash.o
LOAD build/cc26x0-cc13x0/launchpad/cc2650/obj/udma.o
LOAD build/cc26x0-cc13x0/launchpad/cc2650/obj/aux_wuc.o
LOAD build/cc26x0-cc13x0/launchpad/cc2650/obj/setup_rom.o
LOAD build/cc26x0-cc13x0/launchpad/cc2650/obj/setup.o
LOAD build/cc26x0-cc13x0/launchpad/cc2650/obj/ssi.o
LOAD build/cc26x0-cc13x0/launchpad/cc2650/obj/trng.o
LOAD build/cc26x0-cc13x0/launchpad/cc2650/obj/prcm.o
LOAD build/cc26x0-cc13x0/launchpad/cc2650/obj/flash.o
LOAD build/cc26x0-cc13x0/launchpad/cc2650/obj/cpu.o
LOAD build/cc26x0-cc13x0/launchpad/cc2650/obj/aon_wuc.o
LOAD build/cc26x0-cc13x0/launchpad/cc2650/obj/aux_smph.o
LOAD build/cc26x0-cc13x0/launchpad/cc2650/obj/ioc.o
LOAD build/cc26x0-cc13x0/launchpad/cc2650/obj/crypto.o
LOAD build/cc26x0-cc13x0/launchpad/cc2650/obj/aon_ioc.o
LOAD build/cc26x0-cc13x0/launchpad/cc2650/obj/interrupt.o
LOAD build/cc26x0-cc13x0/launchpad/cc2650/obj/i2s.o
LOAD build/cc26x0-cc13x0/launchpad/cc2650/obj/aon_event.o
LOAD build/cc26x0-cc13x0/launchpad/cc2650/obj/ddi.o
LOAD build/cc26x0-cc13x0/launchpad/cc2650/obj/watchdog.o
LOAD build/cc26x0-cc13x0/launchpad/cc2650/obj/aux_tdc.o
LOAD build/cc26x0-cc13x0/launchpad/cc2650/obj/vims.o
LOAD build/cc26x0-cc13x0/launchpad/cc2650/obj/smph.o
LOAD build/cc26x0-cc13x0/launchpad/cc2650/obj/chipinfo.o
LOAD build/cc26x0-cc13x0/launchpad/cc2650/obj/gpio.o
LOAD build/cc26x0-cc13x0/launchpad/cc2650/obj/adi.o
LOAD build/cc26x0-cc13x0/launchpad/cc2650/obj/pwr_ctrl.o
LOAD build/cc26x0-cc13x0/launchpad/cc2650/obj/event.o
LOAD build/cc26x0-cc13x0/launchpad/cc2650/obj/sys_ctrl.o
LOAD build/cc26x0-cc13x0/launchpad/cc2650/obj/osc.o
LOAD build/cc26x0-cc13x0/launchpad/cc2650/obj/aux_adc.o
LOAD build/cc26x0-cc13x0/launchpad/cc2650/obj/rom_crypto.o
LOAD build/cc26x0-cc13x0/launchpad/cc2650/obj/aon_batmon.o
LOAD build/cc26x0-cc13x0/launchpad/cc2650/obj/aux_timer.o
LOAD build/cc26x0-cc13x0/launchpad/cc2650/obj/i2c.o
LOAD build/cc26x0-cc13x0/launchpad/cc2650/obj/systick.o
LOAD build/cc26x0-cc13x0/launchpad/cc2650/obj/aon_rtc.o
LOAD build/cc26x0-cc13x0/launchpad/cc2650/obj/driverlib_release.o
LOAD build/cc26x0-cc13x0/launchpad/cc2650/obj/ccfgread.o
LOAD build/cc26x0-cc13x0/launchpad/cc2650/obj/rfc.o
LOAD build/cc26x0-cc13x0/launchpad/cc2650/obj/syscalls.o
LOAD build/cc26x0-cc13x0/launchpad/cc2650/obj/strformat.o
LOAD build/cc26x0-cc13x0/launchpad/cc2650/obj/printf.o
LOAD build/cc26x0-cc13x0/launchpad/cc2650/obj/sprintf.o
LOAD build/cc26x0-cc13x0/launchpad/cc2650/obj/snprintf.o
LOAD build/cc26x0-cc13x0/launchpad/cc2650/obj/puts.o
LOAD build/cc26x0-cc13x0/launchpad/cc2650/obj/putchar.o
LOAD build/cc26x0-cc13x0/launchpad/cc2650/obj/csma-security.o
LOAD build/cc26x0-cc13x0/launchpad/cc2650/obj/anti-replay.o
LOAD build/cc26x0-cc13x0/launchpad/cc2650/obj/csma.o
LOAD build/cc26x0-cc13x0/launchpad/cc2650/obj/csma-output.o
LOAD build/cc26x0-cc13x0/launchpad/cc2650/obj/ccm-star-packetbuf.o
LOAD build/cc26x0-cc13x0/launchpad/cc2650/obj/uipbuf.o
LOAD build/cc26x0-cc13x0/launchpad/cc2650/obj/uip-icmp6.o
LOAD build/cc26x0-cc13x0/launchpad/cc2650/obj/uip-sr.o
LOAD build/cc26x0-cc13x0/launchpad/cc2650/obj/uip-ds6.o
LOAD build/cc26x0-cc13x0/launchpad/cc2650/obj/uip-packetqueue.o
LOAD build/cc26x0-cc13x0/launchpad/cc2650/obj/tcp-socket.o
LOAD build/cc26x0-cc13x0/launchpad/cc2650/obj/uiplib.o
LOAD build/cc26x0-cc13x0/launchpad/cc2650/obj/tcpip.o
LOAD build/cc26x0-cc13x0/launchpad/cc2650/obj/ip64-addr.o
LOAD build/cc26x0-cc13x0/launchpad/cc2650/obj/uip-udp-packet.o
LOAD build/cc26x0-cc13x0/launchpad/cc2650/obj/uip-ds6-route.o
LOAD build/cc26x0-cc13x0/launchpad/cc2650/obj/psock.o
LOAD build/cc26x0-cc13x0/launchpad/cc2650/obj/uip6.o
LOAD build/cc26x0-cc13x0/launchpad/cc2650/obj/uip-ds6-nbr.o
LOAD build/cc26x0-cc13x0/launchpad/cc2650/obj/uip-nameserver.o
LOAD build/cc26x0-cc13x0/launchpad/cc2650/obj/uip-nd6.o
LOAD build/cc26x0-cc13x0/launchpad/cc2650/obj/udp-socket.o
LOAD build/cc26x0-cc13x0/launchpad/cc2650/obj/simple-udp.o
LOAD build/cc26x0-cc13x0/launchpad/cc2650/obj/sicslowpan.o
LOAD build/cc26x0-cc13x0/launchpad/cc2650/obj/rpl-nbr-policy.o
LOAD build/cc26x0-cc13x0/launchpad/cc2650/obj/rpl-of0.o
LOAD build/cc26x0-cc13x0/launchpad/cc2650/obj/rpl-neighbor.o
LOAD build/cc26x0-cc13x0/launchpad/cc2650/obj/rpl-dag.o
LOAD build/cc26x0-cc13x0/launchpad/cc2650/obj/rpl-timers.o
LOAD build/cc26x0-cc13x0/launchpad/cc2650/obj/rpl-ext-header.o
LOAD build/cc26x0-cc13x0/launchpad/cc2650/obj/rpl.o
LOAD build/cc26x0-cc13x0/launchpad/cc2650/obj/rpl-mrhof.o
LOAD build/cc26x0-cc13x0/launchpad/cc2650/obj/rpl-icmp6.o
LOAD build/cc26x0-cc13x0/launchpad/cc2650/obj/rpl-dag-root.o
LOAD anmtr.o
START GROUP
LOAD /home/pierre/gcc-arm-none-eabi-10.3-2021.10/bin/../lib/gcc/arm-none-eabi/10.3.1/../../../../arm-none-eabi/lib/thumb/v7-m/nofp/libm.a
END GROUP
START GROUP
LOAD /home/pierre/gcc-arm-none-eabi-10.3-2021.10/bin/../lib/gcc/arm-none-eabi/10.3.1/thumb/v7-m/nofp/libgcc.a
LOAD /home/pierre/gcc-arm-none-eabi-10.3-2021.10/bin/../lib/gcc/arm-none-eabi/10.3.1/../../../../arm-none-eabi/lib/thumb/v7-m/nofp/libc.a
END GROUP
                0x0000000020005000                _estack = (ORIGIN (SRAM) + LENGTH (SRAM))
                0x0000000000000000                _Min_Heap_Size = 0x0
                0x0000000000000400                _Min_Stack_Size = 0x400

.text           0x0000000000000000     0xd304
                0x0000000000000000                _text = .
 *(SORT_BY_ALIGNMENT(.vectors))
 .vectors       0x0000000000000000       0xc8 build/cc26x0-cc13x0/launchpad/cc2650/obj/startup_gcc.o
                0x0000000000000000                g_pfnVectors
 *(SORT_BY_ALIGNMENT(.text*))
 .text.FaultISR
                0x00000000000000c8       0x1c build/cc26x0-cc13x0/launchpad/cc2650/obj/fault-handlers.o
                0x00000000000000c8                FaultISR
 .text.NmiSRHandler
                0x00000000000000e4        0x4 build/cc26x0-cc13x0/launchpad/cc2650/obj/startup_gcc.o
                0x00000000000000e4                NmiSR
 .text.IntDefaultHandler
                0x00000000000000e8        0x4 build/cc26x0-cc13x0/launchpad/cc2650/obj/startup_gcc.o
                0x00000000000000e8                SSI0IntHandler
                0x00000000000000e8                SWEvent0IntHandler
                0x00000000000000e8                uDMAIntHandler
                0x00000000000000e8                WatchdogIntHandler
                0x00000000000000e8                RFCHardwareIntHandler
                0x00000000000000e8                Timer1BIntHandler
                0x00000000000000e8                I2SIntHandler
                0x00000000000000e8                Timer2BIntHandler
                0x00000000000000e8                Timer2AIntHandler
                0x00000000000000e8                Timer1AIntHandler
                0x00000000000000e8                AONIntHandler
                0x00000000000000e8                AUXSWEvent0IntHandler
                0x00000000000000e8                AUXADCIntHandler
                0x00000000000000e8                PendSVIntHandler
                0x00000000000000e8                AUXSWEvent1IntHandler
                0x00000000000000e8                SVCallIntHandler
                0x00000000000000e8                MPUFaultIntHandler
                0x00000000000000e8                SysTickIntHandler
                0x00000000000000e8                BusFaultIntHandler
                0x00000000000000e8                AONProgIntHandler
                0x00000000000000e8                AUXCompAIntHandler
                0x00000000000000e8                SSI1IntHandler
                0x00000000000000e8                FlashIntHandler
                0x00000000000000e8                uDMAErrIntHandler
                0x00000000000000e8                UsageFaultIntHandler
                0x00000000000000e8                RFCCmdAckIntHandler
                0x00000000000000e8                CryptoIntHandler
                0x00000000000000e8                Timer0AIntHandler
                0x00000000000000e8                I2CIntHandler
                0x00000000000000e8                DebugMonIntHandler
                0x00000000000000e8                Timer0BIntHandler
                0x00000000000000e8                AUXCombEventIntHandler
                0x00000000000000e8                Timer3AIntHandler
                0x00000000000000e8                DynProgIntHandler
                0x00000000000000e8                Timer3BIntHandler
 .text.ResetISR
                0x00000000000000ec       0x5c build/cc26x0-cc13x0/launchpad/cc2650/obj/startup_gcc.o
                0x00000000000000ec                ResetISR
 .text.fade     0x0000000000000148       0x64 build/cc26x0-cc13x0/launchpad/cc2650/obj/platform.o
 .text.platform_init_stage_one
                0x00000000000001ac       0x78 build/cc26x0-cc13x0/launchpad/cc2650/obj/platform.o
                0x00000000000001ac                platform_init_stage_one
 .text.platform_init_stage_two
                0x0000000000000224       0x2c build/cc26x0-cc13x0/launchpad/cc2650/obj/platform.o
                0x0000000000000224                platform_init_stage_two
 .text.platform_init_stage_three
                0x0000000000000250       0xd4 build/cc26x0-cc13x0/launchpad/cc2650/obj/platform.o
                0x0000000000000250                platform_init_stage_three
 .text.platform_idle
                0x0000000000000324        0x4 build/cc26x0-cc13x0/launchpad/cc2650/obj/platform.o
                0x0000000000000324                platform_idle
 .text.wakeup_handler
                0x0000000000000328       0x20 build/cc26x0-cc13x0/launchpad/cc2650/obj/board.o
 .text.board_init
                0x0000000000000348       0x8c build/cc26x0-cc13x0/launchpad/cc2650/obj/board.o
                0x0000000000000348                board_init
 .text.power_domain_on
                0x00000000000003d4       0x20 build/cc26x0-cc13x0/launchpad/cc2650/obj/clock.o
 .text.clock_init
                0x00000000000003f4       0x8c build/cc26x0-cc13x0/launchpad/cc2650/obj/clock.o
                0x00000000000003f4                clock_init
 .text.clock_time
                0x0000000000000480       0x20 build/cc26x0-cc13x0/launchpad/cc2650/obj/clock.o
                0x0000000000000480                clock_time
 .text.clock_update
                0x00000000000004a0       0x28 build/cc26x0-cc13x0/launchpad/cc2650/obj/clock.o
                0x00000000000004a0                clock_update
 .text.clock_seconds
                0x00000000000004c8        0xc build/cc26x0-cc13x0/launchpad/cc2650/obj/clock.o
                0x00000000000004c8                clock_seconds
 .text.rtimer_arch_init
                0x00000000000004d4        0x4 build/cc26x0-cc13x0/launchpad/cc2650/obj/rtimer-arch.o
                0x00000000000004d4                rtimer_arch_init
 .text.rtimer_arch_schedule
                0x00000000000004d8        0x8 build/cc26x0-cc13x0/launchpad/cc2650/obj/rtimer-arch.o
                0x00000000000004d8                rtimer_arch_schedule
 .text.rtimer_arch_now
                0x00000000000004e0        0x4 build/cc26x0-cc13x0/launchpad/cc2650/obj/rtimer-arch.o
                0x00000000000004e0                rtimer_arch_now
 .text.soc_rtc_init
                0x00000000000004e4       0x90 build/cc26x0-cc13x0/launchpad/cc2650/obj/soc-rtc.o
                0x00000000000004e4                soc_rtc_init
 .text.soc_rtc_schedule_one_shot
                0x0000000000000574       0x68 build/cc26x0-cc13x0/launchpad/cc2650/obj/soc-rtc.o
                0x0000000000000574                soc_rtc_schedule_one_shot
 .text.soc_rtc_last_isr_time
                0x00000000000005dc        0xc build/cc26x0-cc13x0/launchpad/cc2650/obj/soc-rtc.o
                0x00000000000005dc                soc_rtc_last_isr_time
 .text.AONRTCIntHandler
                0x00000000000005e8       0x78 build/cc26x0-cc13x0/launchpad/cc2650/obj/soc-rtc.o
                0x00000000000005e8                AONRTCIntHandler
 .text.watchdog_init
                0x0000000000000660       0x10 build/cc26x0-cc13x0/launchpad/cc2650/obj/contiki-watchdog.o
                0x0000000000000660                watchdog_init
 .text.watchdog_start
                0x0000000000000670       0x58 build/cc26x0-cc13x0/launchpad/cc2650/obj/contiki-watchdog.o
                0x0000000000000670                watchdog_start
 .text.watchdog_periodic
                0x00000000000006c8        0xc build/cc26x0-cc13x0/launchpad/cc2650/obj/contiki-watchdog.o
                0x00000000000006c8                watchdog_periodic
 .text.aux_ctrl_register_consumer
                0x00000000000006d4       0x60 build/cc26x0-cc13x0/launchpad/cc2650/obj/aux-ctrl.o
                0x00000000000006d4                aux_ctrl_register_consumer
 .text.aux_ctrl_power_up
                0x0000000000000734       0x28 build/cc26x0-cc13x0/launchpad/cc2650/obj/aux-ctrl.o
                0x0000000000000734                aux_ctrl_power_up
 .text.aux_ctrl_power_down
                0x000000000000075c       0x64 build/cc26x0-cc13x0/launchpad/cc2650/obj/aux-ctrl.o
                0x000000000000075c                aux_ctrl_power_down
 .text.aux_ctrl_unregister_consumer
                0x00000000000007c0       0x28 build/cc26x0-cc13x0/launchpad/cc2650/obj/aux-ctrl.o
                0x00000000000007c0                aux_ctrl_unregister_consumer
 .text.dbg_send_bytes
                0x00000000000007e8       0x30 build/cc26x0-cc13x0/launchpad/cc2650/obj/dbg.o
                0x00000000000007e8                dbg_send_bytes
 .text.ieee_addr_cpy_to
                0x0000000000000818       0x40 build/cc26x0-cc13x0/launchpad/cc2650/obj/ieee-addr.o
                0x0000000000000818                ieee_addr_cpy_to
 .text.power_and_clock
                0x0000000000000858       0x44 build/cc26x0-cc13x0/launchpad/cc2650/obj/cc26xx-uart.o
 .text.enable   0x000000000000089c       0xc0 build/cc26x0-cc13x0/launchpad/cc2650/obj/cc26xx-uart.o
 .text.lpm_drop_handler
                0x000000000000095c      0x110 build/cc26x0-cc13x0/launchpad/cc2650/obj/cc26xx-uart.o
 .text.cc26xx_uart_init
                0x0000000000000a6c       0x28 build/cc26x0-cc13x0/launchpad/cc2650/obj/cc26xx-uart.o
                0x0000000000000a6c                cc26xx_uart_init
 .text.cc26xx_uart_write_byte
                0x0000000000000a94       0x40 build/cc26x0-cc13x0/launchpad/cc2650/obj/cc26xx-uart.o
                0x0000000000000a94                cc26xx_uart_write_byte
 .text.cc26xx_uart_busy
                0x0000000000000ad4       0x34 build/cc26x0-cc13x0/launchpad/cc2650/obj/cc26xx-uart.o
                0x0000000000000ad4                cc26xx_uart_busy
 .text.UART0IntHandler
                0x0000000000000b08       0x44 build/cc26x0-cc13x0/launchpad/cc2650/obj/cc26xx-uart.o
                0x0000000000000b08                UART0IntHandler
 .text.lpm_sleep
                0x0000000000000b4c       0x18 build/cc26x0-cc13x0/launchpad/cc2650/obj/lpm.o
                0x0000000000000b4c                lpm_sleep
 .text.lpm_drop
                0x0000000000000b64      0x25c build/cc26x0-cc13x0/launchpad/cc2650/obj/lpm.o
                0x0000000000000b64                lpm_drop
 .text.lpm_register_module
                0x0000000000000dc0        0xc build/cc26x0-cc13x0/launchpad/cc2650/obj/lpm.o
                0x0000000000000dc0                lpm_register_module
 .text.lpm_unregister_module
                0x0000000000000dcc        0xc build/cc26x0-cc13x0/launchpad/cc2650/obj/lpm.o
                0x0000000000000dcc                lpm_unregister_module
 .text.lpm_init
                0x0000000000000dd8       0x20 build/cc26x0-cc13x0/launchpad/cc2650/obj/lpm.o
                0x0000000000000dd8                lpm_init
 .text.lpm_pin_set_default_state
                0x0000000000000df8       0x2c build/cc26x0-cc13x0/launchpad/cc2650/obj/lpm.o
                0x0000000000000df8                lpm_pin_set_default_state
 .text.GPIOIntHandler
                0x0000000000000e24       0x14 build/cc26x0-cc13x0/launchpad/cc2650/obj/gpio-interrupt.o
                0x0000000000000e24                GPIOIntHandler
 .text.gpio_hal_arch_no_port_pin_cfg_set
                0x0000000000000e38       0x78 build/cc26x0-cc13x0/launchpad/cc2650/obj/gpio-hal-arch.o
                0x0000000000000e38                gpio_hal_arch_no_port_pin_cfg_set
 .text.gpio_hal_arch_no_port_read_pin
                0x0000000000000eb0       0x24 build/cc26x0-cc13x0/launchpad/cc2650/obj/gpio-hal-arch.o
                0x0000000000000eb0                gpio_hal_arch_no_port_read_pin
 .text.oscillators_select_lf_xosc
                0x0000000000000ed4       0x5c build/cc26x0-cc13x0/launchpad/cc2650/obj/oscillators.o
                0x0000000000000ed4                oscillators_select_lf_xosc
 .text.oscillators_request_hf_xosc
                0x0000000000000f30       0x30 build/cc26x0-cc13x0/launchpad/cc2650/obj/oscillators.o
                0x0000000000000f30                oscillators_request_hf_xosc
 .text.oscillators_switch_to_hf_xosc
                0x0000000000000f60       0x34 build/cc26x0-cc13x0/launchpad/cc2650/obj/oscillators.o
                0x0000000000000f60                oscillators_switch_to_hf_xosc
 .text.oscillators_switch_to_hf_rc
                0x0000000000000f94       0x44 build/cc26x0-cc13x0/launchpad/cc2650/obj/oscillators.o
                0x0000000000000f94                oscillators_switch_to_hf_rc
 .text.process_thread_rf_core_process
                0x0000000000000fd8       0x58 build/cc26x0-cc13x0/launchpad/cc2650/obj/rf-core.o
 .text.rf_core_is_accessible
                0x0000000000001030       0x10 build/cc26x0-cc13x0/launchpad/cc2650/obj/rf-core.o
                0x0000000000001030                rf_core_is_accessible
 .text.rf_core_send_cmd
                0x0000000000001040       0xd4 build/cc26x0-cc13x0/launchpad/cc2650/obj/rf-core.o
                0x0000000000001040                rf_core_send_cmd
 .text.rf_core_wait_cmd_done
                0x0000000000001114       0x38 build/cc26x0-cc13x0/launchpad/cc2650/obj/rf-core.o
                0x0000000000001114                rf_core_wait_cmd_done
 .text.rf_core_power_up
                0x000000000000114c       0xc8 build/cc26x0-cc13x0/launchpad/cc2650/obj/rf-core.o
                0x000000000000114c                rf_core_power_up
 .text.rf_core_start_rat
                0x0000000000001214       0x84 build/cc26x0-cc13x0/launchpad/cc2650/obj/rf-core.o
                0x0000000000001214                rf_core_start_rat
 .text.rf_core_stop_rat
                0x0000000000001298       0x98 build/cc26x0-cc13x0/launchpad/cc2650/obj/rf-core.o
                0x0000000000001298                rf_core_stop_rat
 .text.rf_core_power_down
                0x0000000000001330      0x104 build/cc26x0-cc13x0/launchpad/cc2650/obj/rf-core.o
                0x0000000000001330                rf_core_power_down
 .text.rf_core_set_modesel
                0x0000000000001434       0x4c build/cc26x0-cc13x0/launchpad/cc2650/obj/rf-core.o
                0x0000000000001434                rf_core_set_modesel
 .text.rf_core_boot
                0x0000000000001480       0x1c build/cc26x0-cc13x0/launchpad/cc2650/obj/rf-core.o
                0x0000000000001480                rf_core_boot
 .text.rf_core_restart_rat
                0x000000000000149c       0x18 build/cc26x0-cc13x0/launchpad/cc2650/obj/rf-core.o
                0x000000000000149c                rf_core_restart_rat
 .text.rf_core_setup_interrupts
                0x00000000000014b4       0x7c build/cc26x0-cc13x0/launchpad/cc2650/obj/rf-core.o
                0x00000000000014b4                rf_core_setup_interrupts
 .text.rf_core_cmd_done_en
                0x0000000000001530       0x3c build/cc26x0-cc13x0/launchpad/cc2650/obj/rf-core.o
                0x0000000000001530                rf_core_cmd_done_en
 .text.rf_core_cmd_done_dis
                0x000000000000156c       0x20 build/cc26x0-cc13x0/launchpad/cc2650/obj/rf-core.o
                0x000000000000156c                rf_core_cmd_done_dis
 .text.rf_core_get_last_radio_op
                0x000000000000158c        0xc build/cc26x0-cc13x0/launchpad/cc2650/obj/rf-core.o
                0x000000000000158c                rf_core_get_last_radio_op
 .text.rf_core_init_radio_op
                0x0000000000001598       0x20 build/cc26x0-cc13x0/launchpad/cc2650/obj/rf-core.o
                0x0000000000001598                rf_core_init_radio_op
 .text.rf_core_primary_mode_register
                0x00000000000015b8        0xc build/cc26x0-cc13x0/launchpad/cc2650/obj/rf-core.o
                0x00000000000015b8                rf_core_primary_mode_register
 .text.rf_core_rat_init
                0x00000000000015c4       0x2c build/cc26x0-cc13x0/launchpad/cc2650/obj/rf-core.o
                0x00000000000015c4                rf_core_rat_init
 .text.rf_core_check_rat_overflow
                0x00000000000015f0       0x70 build/cc26x0-cc13x0/launchpad/cc2650/obj/rf-core.o
                0x00000000000015f0                rf_core_check_rat_overflow
 .text.rat_overflow_check_timer_cb
                0x0000000000001660       0x60 build/cc26x0-cc13x0/launchpad/cc2650/obj/rf-core.o
 .text.rf_core_convert_rat_to_rtimer
                0x00000000000016c0       0x98 build/cc26x0-cc13x0/launchpad/cc2650/obj/rf-core.o
                0x00000000000016c0                rf_core_convert_rat_to_rtimer
 .text.RFCCPE1IntHandler
                0x0000000000001758       0x54 build/cc26x0-cc13x0/launchpad/cc2650/obj/rf-core.o
                0x0000000000001758                RFCCPE1IntHandler
 .text.RFCCPE0IntHandler
                0x00000000000017ac       0x54 build/cc26x0-cc13x0/launchpad/cc2650/obj/rf-core.o
                0x00000000000017ac                RFCCPE0IntHandler
 .text.rf_ble_is_active
                0x0000000000001800        0xc build/cc26x0-cc13x0/launchpad/cc2650/obj/rf-ble.o
                0x0000000000001800                rf_ble_is_active
 .text.rf_is_on
                0x000000000000180c       0x1c build/cc26x0-cc13x0/launchpad/cc2650/obj/ieee-mode.o
 .text.prepare  0x0000000000001828       0x1c build/cc26x0-cc13x0/launchpad/cc2650/obj/ieee-mode.o
 .text.rf_radio_setup
                0x0000000000001844       0x60 build/cc26x0-cc13x0/launchpad/cc2650/obj/ieee-mode.o
 .text.pending_packet
                0x00000000000018a4       0x48 build/cc26x0-cc13x0/launchpad/cc2650/obj/ieee-mode.o
 .text.soft_off
                0x00000000000018ec       0x44 build/cc26x0-cc13x0/launchpad/cc2650/obj/ieee-mode.o
 .text.get_object
                0x0000000000001930       0x44 build/cc26x0-cc13x0/launchpad/cc2650/obj/ieee-mode.o
 .text.transmitting.part.0
                0x0000000000001974       0x4c build/cc26x0-cc13x0/launchpad/cc2650/obj/ieee-mode.o
 .text.get_cca_info.part.0
                0x00000000000019c0       0x54 build/cc26x0-cc13x0/launchpad/cc2650/obj/ieee-mode.o
 .text.read_frame
                0x0000000000001a14       0xec build/cc26x0-cc13x0/launchpad/cc2650/obj/ieee-mode.o
 .text.rx_off.part.0
                0x0000000000001b00       0x7c build/cc26x0-cc13x0/launchpad/cc2650/obj/ieee-mode.o
 .text.request  0x0000000000001b7c       0x20 build/cc26x0-cc13x0/launchpad/cc2650/obj/ieee-mode.o
 .text.rx_on    0x0000000000001b9c       0x5c build/cc26x0-cc13x0/launchpad/cc2650/obj/ieee-mode.o
 .text.soft_on  0x0000000000001bf8       0x18 build/cc26x0-cc13x0/launchpad/cc2650/obj/ieee-mode.o
 .text.off.part.0
                0x0000000000001c10       0x88 build/cc26x0-cc13x0/launchpad/cc2650/obj/ieee-mode.o
 .text.off      0x0000000000001c98       0x14 build/cc26x0-cc13x0/launchpad/cc2650/obj/ieee-mode.o
 .text.on       0x0000000000001cac       0xa0 build/cc26x0-cc13x0/launchpad/cc2650/obj/ieee-mode.o
 .text.init     0x0000000000001d4c      0x118 build/cc26x0-cc13x0/launchpad/cc2650/obj/ieee-mode.o
 .text.channel_clear
                0x0000000000001e64       0xa4 build/cc26x0-cc13x0/launchpad/cc2650/obj/ieee-mode.o
 .text.transmit.part.0
                0x0000000000001f08      0x104 build/cc26x0-cc13x0/launchpad/cc2650/obj/ieee-mode.o
 .text.transmit
                0x000000000000200c        0xc build/cc26x0-cc13x0/launchpad/cc2650/obj/ieee-mode.o
 .text.send     0x0000000000002018       0x24 build/cc26x0-cc13x0/launchpad/cc2650/obj/ieee-mode.o
 .text.receiving_packet
                0x000000000000203c       0x48 build/cc26x0-cc13x0/launchpad/cc2650/obj/ieee-mode.o
 .text.set_object
                0x0000000000002084       0x70 build/cc26x0-cc13x0/launchpad/cc2650/obj/ieee-mode.o
 .text.set_value
                0x00000000000020f4      0x19c build/cc26x0-cc13x0/launchpad/cc2650/obj/ieee-mode.o
 .text.get_value
                0x0000000000002290      0x1c8 build/cc26x0-cc13x0/launchpad/cc2650/obj/ieee-mode.o
 .text.random_rand
                0x0000000000002458        0xc build/cc26x0-cc13x0/launchpad/cc2650/obj/random.o
                0x0000000000002458                random_rand
 .text.random_init
                0x0000000000002464        0x4 build/cc26x0-cc13x0/launchpad/cc2650/obj/random.o
                0x0000000000002464                random_init
 .text.power_up
                0x0000000000002468       0x44 build/cc26x0-cc13x0/launchpad/cc2650/obj/soc-trng.o
 .text.request  0x00000000000024ac       0x14 build/cc26x0-cc13x0/launchpad/cc2650/obj/soc-trng.o
 .text.process_thread_soc_trng_process
                0x00000000000024c0       0x8c build/cc26x0-cc13x0/launchpad/cc2650/obj/soc-trng.o
 .text.soc_trng_rand_synchronous
                0x000000000000254c       0xd0 build/cc26x0-cc13x0/launchpad/cc2650/obj/soc-trng.o
                0x000000000000254c                soc_trng_rand_synchronous
 .text.TRNGIntHandler
                0x000000000000261c       0x54 build/cc26x0-cc13x0/launchpad/cc2650/obj/soc-trng.o
                0x000000000000261c                TRNGIntHandler
 .text.soc_trng_init
                0x0000000000002670       0x28 build/cc26x0-cc13x0/launchpad/cc2650/obj/soc-trng.o
                0x0000000000002670                soc_trng_init
 .text.int_master_read_and_disable
                0x0000000000002698       0x10 build/cc26x0-cc13x0/launchpad/cc2650/obj/int-master.o
                0x0000000000002698                int_master_read_and_disable
 .text.int_master_status_set
                0x00000000000026a8        0x8 build/cc26x0-cc13x0/launchpad/cc2650/obj/int-master.o
                0x00000000000026a8                int_master_status_set
 .text.spi_arch_has_lock
                0x00000000000026b0       0x18 build/cc26x0-cc13x0/launchpad/cc2650/obj/spi-arch.o
                0x00000000000026b0                spi_arch_has_lock
 .text.spi_arch_lock_and_open
                0x00000000000026c8      0x154 build/cc26x0-cc13x0/launchpad/cc2650/obj/spi-arch.o
                0x00000000000026c8                spi_arch_lock_and_open
 .text.spi_arch_close_and_unlock
                0x000000000000281c       0xac build/cc26x0-cc13x0/launchpad/cc2650/obj/spi-arch.o
                0x000000000000281c                spi_arch_close_and_unlock
 .text.spi_arch_transfer
                0x00000000000028c8       0xe0 build/cc26x0-cc13x0/launchpad/cc2650/obj/spi-arch.o
                0x00000000000028c8                spi_arch_transfer
 .text.startup.main
                0x00000000000029a8      0x1f4 build/cc26x0-cc13x0/launchpad/cc2650/obj/contiki-main.o
                0x00000000000029a8                main
 .text.autostart_start
                0x0000000000002b9c       0x18 build/cc26x0-cc13x0/launchpad/cc2650/obj/autostart.o
                0x0000000000002b9c                autostart_start
 .text.process_thread_ctimer_process
                0x0000000000002bb4       0x94 build/cc26x0-cc13x0/launchpad/cc2650/obj/ctimer.o
 .text.ctimer_init
                0x0000000000002c48       0x28 build/cc26x0-cc13x0/launchpad/cc2650/obj/ctimer.o
                0x0000000000002c48                ctimer_init
 .text.ctimer_set
                0x0000000000002c70       0x4c build/cc26x0-cc13x0/launchpad/cc2650/obj/ctimer.o
                0x0000000000002c70                ctimer_set
 .text.ctimer_reset
                0x0000000000002cbc       0x44 build/cc26x0-cc13x0/launchpad/cc2650/obj/ctimer.o
                0x0000000000002cbc                ctimer_reset
 .text.ctimer_stop
                0x0000000000002d00       0x34 build/cc26x0-cc13x0/launchpad/cc2650/obj/ctimer.o
                0x0000000000002d00                ctimer_stop
 .text.ctimer_expired
                0x0000000000002d34       0x3c build/cc26x0-cc13x0/launchpad/cc2650/obj/ctimer.o
                0x0000000000002d34                ctimer_expired
 .text.log_6addr
                0x0000000000002d70       0x20 build/cc26x0-cc13x0/launchpad/cc2650/obj/log.o
                0x0000000000002d70                log_6addr
 .text.log_lladdr
                0x0000000000002d90       0x60 build/cc26x0-cc13x0/launchpad/cc2650/obj/log.o
                0x0000000000002d90                log_lladdr
 .text.energest_init
                0x0000000000002df0        0x4 build/cc26x0-cc13x0/launchpad/cc2650/obj/energest.o
                0x0000000000002df0                energest_init
 .text.update_time.part.0
                0x0000000000002df4       0x3c build/cc26x0-cc13x0/launchpad/cc2650/obj/etimer.o
 .text.process_thread_etimer_process
                0x0000000000002e30       0xd4 build/cc26x0-cc13x0/launchpad/cc2650/obj/etimer.o
 .text.add_timer
                0x0000000000002f04       0x54 build/cc26x0-cc13x0/launchpad/cc2650/obj/etimer.o
 .text.etimer_request_poll
                0x0000000000002f58        0xc build/cc26x0-cc13x0/launchpad/cc2650/obj/etimer.o
                0x0000000000002f58                etimer_request_poll
 .text.etimer_set
                0x0000000000002f64       0x14 build/cc26x0-cc13x0/launchpad/cc2650/obj/etimer.o
                0x0000000000002f64                etimer_set
 .text.etimer_reset
                0x0000000000002f78       0x14 build/cc26x0-cc13x0/launchpad/cc2650/obj/etimer.o
                0x0000000000002f78                etimer_reset
 .text.etimer_expired
                0x0000000000002f8c        0xc build/cc26x0-cc13x0/launchpad/cc2650/obj/etimer.o
                0x0000000000002f8c                etimer_expired
 .text.etimer_pending
                0x0000000000002f98       0x10 build/cc26x0-cc13x0/launchpad/cc2650/obj/etimer.o
                0x0000000000002f98                etimer_pending
 .text.etimer_next_expiration_time
                0x0000000000002fa8       0x14 build/cc26x0-cc13x0/launchpad/cc2650/obj/etimer.o
                0x0000000000002fa8                etimer_next_expiration_time
 .text.etimer_stop
                0x0000000000002fbc       0x54 build/cc26x0-cc13x0/launchpad/cc2650/obj/etimer.o
                0x0000000000002fbc                etimer_stop
 .text.node_id_init
                0x0000000000003010       0x18 build/cc26x0-cc13x0/launchpad/cc2650/obj/node-id.o
                0x0000000000003010                node_id_init
 .text.stimer_set
                0x0000000000003028       0x10 build/cc26x0-cc13x0/launchpad/cc2650/obj/stimer.o
                0x0000000000003028                stimer_set
 .text.stimer_expired
                0x0000000000003038       0x20 build/cc26x0-cc13x0/launchpad/cc2650/obj/stimer.o
                0x0000000000003038                stimer_expired
 .text.rtimer_init
                0x0000000000003058        0x4 build/cc26x0-cc13x0/launchpad/cc2650/obj/rtimer.o
                0x0000000000003058                rtimer_init
 .text.rtimer_run_next
                0x000000000000305c       0x28 build/cc26x0-cc13x0/launchpad/cc2650/obj/rtimer.o
                0x000000000000305c                rtimer_run_next
 .text.exit_process
                0x0000000000003084       0xd8 build/cc26x0-cc13x0/launchpad/cc2650/obj/process.o
 .text.call_process.part.0
                0x000000000000315c       0x38 build/cc26x0-cc13x0/launchpad/cc2650/obj/process.o
 .text.do_poll  0x0000000000003194       0x5c build/cc26x0-cc13x0/launchpad/cc2650/obj/process.o
 .text.process_alloc_event
                0x00000000000031f0       0x10 build/cc26x0-cc13x0/launchpad/cc2650/obj/process.o
                0x00000000000031f0                process_alloc_event
 .text.process_start
                0x0000000000003200       0x64 build/cc26x0-cc13x0/launchpad/cc2650/obj/process.o
                0x0000000000003200                process_start
 .text.process_init
                0x0000000000003264       0x38 build/cc26x0-cc13x0/launchpad/cc2650/obj/process.o
                0x0000000000003264                process_init
 .text.process_run
                0x000000000000329c       0xd8 build/cc26x0-cc13x0/launchpad/cc2650/obj/process.o
                0x000000000000329c                process_run
 .text.process_nevents
                0x0000000000003374       0x14 build/cc26x0-cc13x0/launchpad/cc2650/obj/process.o
                0x0000000000003374                process_nevents
 .text.process_post
                0x0000000000003388       0x4c build/cc26x0-cc13x0/launchpad/cc2650/obj/process.o
                0x0000000000003388                process_post
 .text.process_post_synch
                0x00000000000033d4       0x18 build/cc26x0-cc13x0/launchpad/cc2650/obj/process.o
                0x00000000000033d4                process_post_synch
 .text.process_poll
                0x00000000000033ec       0x1c build/cc26x0-cc13x0/launchpad/cc2650/obj/process.o
                0x00000000000033ec                process_poll
 .text.timer_set
                0x0000000000003408       0x10 build/cc26x0-cc13x0/launchpad/cc2650/obj/timer.o
                0x0000000000003408                timer_set
 .text.timer_reset
                0x0000000000003418       0x1c build/cc26x0-cc13x0/launchpad/cc2650/obj/timer.o
                0x0000000000003418                timer_reset
 .text.timer_expired
                0x0000000000003434       0x1c build/cc26x0-cc13x0/launchpad/cc2650/obj/timer.o
                0x0000000000003434                timer_expired
 .text.stack_check_init
                0x0000000000003450       0x28 build/cc26x0-cc13x0/launchpad/cc2650/obj/stack-check.o
                0x0000000000003450                stack_check_init
 .text.stack_check_get_usage
                0x0000000000003478       0x54 build/cc26x0-cc13x0/launchpad/cc2650/obj/stack-check.o
                0x0000000000003478                stack_check_get_usage
 .text.process_thread_stack_check_process
                0x00000000000034cc       0xb0 build/cc26x0-cc13x0/launchpad/cc2650/obj/stack-check.o
 .text.list_init
                0x000000000000357c        0x8 build/cc26x0-cc13x0/launchpad/cc2650/obj/list.o
                0x000000000000357c                list_init
 .text.list_head
                0x0000000000003584        0x4 build/cc26x0-cc13x0/launchpad/cc2650/obj/list.o
                0x0000000000003584                list_head
 .text.list_add
                0x0000000000003588       0x5c build/cc26x0-cc13x0/launchpad/cc2650/obj/list.o
                0x0000000000003588                list_add
 .text.list_push
                0x00000000000035e4       0x3c build/cc26x0-cc13x0/launchpad/cc2650/obj/list.o
                0x00000000000035e4                list_push
 .text.list_remove
                0x0000000000003620       0x30 build/cc26x0-cc13x0/launchpad/cc2650/obj/list.o
                0x0000000000003620                list_remove
 .text.list_length
                0x0000000000003650       0x14 build/cc26x0-cc13x0/launchpad/cc2650/obj/list.o
                0x0000000000003650                list_length
 .text.list_item_next
                0x0000000000003664        0x8 build/cc26x0-cc13x0/launchpad/cc2650/obj/list.o
                0x0000000000003664                list_item_next
 .text.memb_init
                0x000000000000366c       0x24 build/cc26x0-cc13x0/launchpad/cc2650/obj/memb.o
                0x000000000000366c                memb_init
 .text.memb_alloc
                0x0000000000003690       0x38 build/cc26x0-cc13x0/launchpad/cc2650/obj/memb.o
                0x0000000000003690                memb_alloc
 .text.memb_free
                0x00000000000036c8       0x3c build/cc26x0-cc13x0/launchpad/cc2650/obj/memb.o
                0x00000000000036c8                memb_free
 .text.memb_inmemb
                0x0000000000003704       0x1c build/cc26x0-cc13x0/launchpad/cc2650/obj/memb.o
                0x0000000000003704                memb_inmemb
 .text.memb_numfree
                0x0000000000003720       0x20 build/cc26x0-cc13x0/launchpad/cc2650/obj/memb.o
                0x0000000000003720                memb_numfree
 .text.ringbuf_init
                0x0000000000003740       0x10 build/cc26x0-cc13x0/launchpad/cc2650/obj/ringbuf.o
                0x0000000000003740                ringbuf_init
 .text.ringbuf_get
                0x0000000000003750       0x28 build/cc26x0-cc13x0/launchpad/cc2650/obj/ringbuf.o
                0x0000000000003750                ringbuf_get
 .text.duration_exceeded_callback
                0x0000000000003778       0x34 build/cc26x0-cc13x0/launchpad/cc2650/obj/button-hal.o
 .text.process_thread_button_hal_process
                0x00000000000037ac       0x84 build/cc26x0-cc13x0/launchpad/cc2650/obj/button-hal.o
 .text.press_release_handler
                0x0000000000003830       0x18 build/cc26x0-cc13x0/launchpad/cc2650/obj/button-hal.o
 .text.debounce_handler
                0x0000000000003848       0x74 build/cc26x0-cc13x0/launchpad/cc2650/obj/button-hal.o
 .text.button_hal_init
                0x00000000000038bc       0xb4 build/cc26x0-cc13x0/launchpad/cc2650/obj/button-hal.o
                0x00000000000038bc                button_hal_init
 .text.process_thread_serial_line_process
                0x0000000000003970       0xa8 build/cc26x0-cc13x0/launchpad/cc2650/obj/serial-line.o
 .text.serial_line_init
                0x0000000000003a18       0x24 build/cc26x0-cc13x0/launchpad/cc2650/obj/serial-line.o
                0x0000000000003a18                serial_line_init
 .text.spi_acquire
                0x0000000000003a3c       0x10 build/cc26x0-cc13x0/launchpad/cc2650/obj/spi.o
                0x0000000000003a3c                spi_acquire
 .text.spi_release
                0x0000000000003a4c       0x10 build/cc26x0-cc13x0/launchpad/cc2650/obj/spi.o
                0x0000000000003a4c                spi_release
 .text.spi_select
                0x0000000000003a5c       0x24 build/cc26x0-cc13x0/launchpad/cc2650/obj/spi.o
                0x0000000000003a5c                spi_select
 .text.spi_deselect
                0x0000000000003a80       0x18 build/cc26x0-cc13x0/launchpad/cc2650/obj/spi.o
                0x0000000000003a80                spi_deselect
 .text.spi_write_byte
                0x0000000000003a98       0x3c build/cc26x0-cc13x0/launchpad/cc2650/obj/spi.o
                0x0000000000003a98                spi_write_byte
 .text.spi_write
                0x0000000000003ad4       0x3c build/cc26x0-cc13x0/launchpad/cc2650/obj/spi.o
                0x0000000000003ad4                spi_write
 .text.spi_read
                0x0000000000003b10       0x3c build/cc26x0-cc13x0/launchpad/cc2650/obj/spi.o
                0x0000000000003b10                spi_read
 .text.leds_on  0x0000000000003b4c       0x5c build/cc26x0-cc13x0/launchpad/cc2650/obj/leds.o
                0x0000000000003b4c                leds_on
 .text.leds_off
                0x0000000000003ba8       0x5c build/cc26x0-cc13x0/launchpad/cc2650/obj/leds.o
                0x0000000000003ba8                leds_off
 .text.leds_init
                0x0000000000003c04       0x2c build/cc26x0-cc13x0/launchpad/cc2650/obj/leds.o
                0x0000000000003c04                leds_init
 .text.gpio_hal_register_handler
                0x0000000000003c30        0xc build/cc26x0-cc13x0/launchpad/cc2650/obj/gpio-hal.o
                0x0000000000003c30                gpio_hal_register_handler
 .text.gpio_hal_event_handler
                0x0000000000003c3c       0x28 build/cc26x0-cc13x0/launchpad/cc2650/obj/gpio-hal.o
                0x0000000000003c3c                gpio_hal_event_handler
 .text.gpio_hal_init
                0x0000000000003c64        0xc build/cc26x0-cc13x0/launchpad/cc2650/obj/gpio-hal.o
                0x0000000000003c64                gpio_hal_init
 .text.queuebuf_init
                0x0000000000003c70       0x1c build/cc26x0-cc13x0/launchpad/cc2650/obj/queuebuf.o
                0x0000000000003c70                queuebuf_init
 .text.queuebuf_numfree
                0x0000000000003c8c        0xc build/cc26x0-cc13x0/launchpad/cc2650/obj/queuebuf.o
                0x0000000000003c8c                queuebuf_numfree
 .text.queuebuf_new_from_packetbuf
                0x0000000000003c98       0x48 build/cc26x0-cc13x0/launchpad/cc2650/obj/queuebuf.o
                0x0000000000003c98                queuebuf_new_from_packetbuf
 .text.queuebuf_update_attr_from_packetbuf
                0x0000000000003ce0        0xc build/cc26x0-cc13x0/launchpad/cc2650/obj/queuebuf.o
                0x0000000000003ce0                queuebuf_update_attr_from_packetbuf
 .text.queuebuf_free
                0x0000000000003cec       0x2c build/cc26x0-cc13x0/launchpad/cc2650/obj/queuebuf.o
                0x0000000000003cec                queuebuf_free
 .text.queuebuf_to_packetbuf
                0x0000000000003d18       0x30 build/cc26x0-cc13x0/launchpad/cc2650/obj/queuebuf.o
                0x0000000000003d18                queuebuf_to_packetbuf
 .text.index_from_lladdr
                0x0000000000003d48       0x54 build/cc26x0-cc13x0/launchpad/cc2650/obj/nbr-table.o
 .text.select_for_removal.constprop.0
                0x0000000000003d9c       0x70 build/cc26x0-cc13x0/launchpad/cc2650/obj/nbr-table.o
 .text.remove_key
                0x0000000000003e0c       0xa8 build/cc26x0-cc13x0/launchpad/cc2650/obj/nbr-table.o
 .text.nbr_table_register
                0x0000000000003eb4       0x44 build/cc26x0-cc13x0/launchpad/cc2650/obj/nbr-table.o
                0x0000000000003eb4                nbr_table_register
 .text.nbr_table_next
                0x0000000000003ef8       0x70 build/cc26x0-cc13x0/launchpad/cc2650/obj/nbr-table.o
                0x0000000000003ef8                nbr_table_next
 .text.nbr_table_head
                0x0000000000003f68       0x58 build/cc26x0-cc13x0/launchpad/cc2650/obj/nbr-table.o
                0x0000000000003f68                nbr_table_head
 .text.nbr_table_add_lladdr
                0x0000000000003fc0      0x128 build/cc26x0-cc13x0/launchpad/cc2650/obj/nbr-table.o
                0x0000000000003fc0                nbr_table_add_lladdr
 .text.nbr_table_get_from_lladdr
                0x00000000000040e8       0x38 build/cc26x0-cc13x0/launchpad/cc2650/obj/nbr-table.o
                0x00000000000040e8                nbr_table_get_from_lladdr
 .text.nbr_table_remove
                0x0000000000004120       0x60 build/cc26x0-cc13x0/launchpad/cc2650/obj/nbr-table.o
                0x0000000000004120                nbr_table_remove
 .text.nbr_table_lock
                0x0000000000004180       0x34 build/cc26x0-cc13x0/launchpad/cc2650/obj/nbr-table.o
                0x0000000000004180                nbr_table_lock
 .text.nbr_table_unlock
                0x00000000000041b4       0x38 build/cc26x0-cc13x0/launchpad/cc2650/obj/nbr-table.o
                0x00000000000041b4                nbr_table_unlock
 .text.nbr_table_get_lladdr
                0x00000000000041ec       0x2c build/cc26x0-cc13x0/launchpad/cc2650/obj/nbr-table.o
                0x00000000000041ec                nbr_table_get_lladdr
 .text.packetbuf_clear
                0x0000000000004218       0x4c build/cc26x0-cc13x0/launchpad/cc2650/obj/packetbuf.o
                0x0000000000004218                packetbuf_clear
 .text.packetbuf_copyfrom
                0x0000000000004264       0x6c build/cc26x0-cc13x0/launchpad/cc2650/obj/packetbuf.o
                0x0000000000004264                packetbuf_copyfrom
 .text.packetbuf_copyto
                0x00000000000042d0       0x4c build/cc26x0-cc13x0/launchpad/cc2650/obj/packetbuf.o
                0x00000000000042d0                packetbuf_copyto
 .text.packetbuf_hdralloc
                0x000000000000431c       0x64 build/cc26x0-cc13x0/launchpad/cc2650/obj/packetbuf.o
                0x000000000000431c                packetbuf_hdralloc
 .text.packetbuf_hdrreduce
                0x0000000000004380       0x2c build/cc26x0-cc13x0/launchpad/cc2650/obj/packetbuf.o
                0x0000000000004380                packetbuf_hdrreduce
 .text.packetbuf_set_datalen
                0x00000000000043ac        0xc build/cc26x0-cc13x0/launchpad/cc2650/obj/packetbuf.o
                0x00000000000043ac                packetbuf_set_datalen
 .text.packetbuf_dataptr
                0x00000000000043b8       0x20 build/cc26x0-cc13x0/launchpad/cc2650/obj/packetbuf.o
                0x00000000000043b8                packetbuf_dataptr
 .text.packetbuf_hdrptr
                0x00000000000043d8        0x8 build/cc26x0-cc13x0/launchpad/cc2650/obj/packetbuf.o
                0x00000000000043d8                packetbuf_hdrptr
 .text.packetbuf_datalen
                0x00000000000043e0        0xc build/cc26x0-cc13x0/launchpad/cc2650/obj/packetbuf.o
                0x00000000000043e0                packetbuf_datalen
 .text.packetbuf_totlen
                0x00000000000043ec       0x24 build/cc26x0-cc13x0/launchpad/cc2650/obj/packetbuf.o
                0x00000000000043ec                packetbuf_totlen
 .text.packetbuf_attr_copyto
                0x0000000000004410       0x24 build/cc26x0-cc13x0/launchpad/cc2650/obj/packetbuf.o
                0x0000000000004410                packetbuf_attr_copyto
 .text.packetbuf_attr_copyfrom
                0x0000000000004434       0x24 build/cc26x0-cc13x0/launchpad/cc2650/obj/packetbuf.o
                0x0000000000004434                packetbuf_attr_copyfrom
 .text.packetbuf_set_attr
                0x0000000000004458       0x10 build/cc26x0-cc13x0/launchpad/cc2650/obj/packetbuf.o
                0x0000000000004458                packetbuf_set_attr
 .text.packetbuf_attr
                0x0000000000004468        0xc build/cc26x0-cc13x0/launchpad/cc2650/obj/packetbuf.o
                0x0000000000004468                packetbuf_attr
 .text.packetbuf_set_addr
                0x0000000000004474       0x18 build/cc26x0-cc13x0/launchpad/cc2650/obj/packetbuf.o
                0x0000000000004474                packetbuf_set_addr
 .text.packetbuf_addr
                0x000000000000448c       0x10 build/cc26x0-cc13x0/launchpad/cc2650/obj/packetbuf.o
                0x000000000000448c                packetbuf_addr
 .text.packetbuf_holds_broadcast
                0x000000000000449c       0x10 build/cc26x0-cc13x0/launchpad/cc2650/obj/packetbuf.o
                0x000000000000449c                packetbuf_holds_broadcast
 .text.netstack_process_ip_callback
                0x00000000000044ac       0x40 build/cc26x0-cc13x0/launchpad/cc2650/obj/netstack.o
                0x00000000000044ac                netstack_process_ip_callback
 .text.netstack_init
                0x00000000000044ec       0x24 build/cc26x0-cc13x0/launchpad/cc2650/obj/netstack.o
                0x00000000000044ec                netstack_init
 .text.linkaddr_copy
                0x0000000000004510        0x8 build/cc26x0-cc13x0/launchpad/cc2650/obj/linkaddr.o
                0x0000000000004510                linkaddr_copy
 .text.linkaddr_cmp
                0x0000000000004518       0x10 build/cc26x0-cc13x0/launchpad/cc2650/obj/linkaddr.o
                0x0000000000004518                linkaddr_cmp
 .text.periodic
                0x0000000000004528       0x30 build/cc26x0-cc13x0/launchpad/cc2650/obj/link-stats.o
 .text.link_stats_from_lladdr
                0x0000000000004558        0xc build/cc26x0-cc13x0/launchpad/cc2650/obj/link-stats.o
                0x0000000000004558                link_stats_from_lladdr
 .text.link_stats_is_fresh
                0x0000000000004564       0x28 build/cc26x0-cc13x0/launchpad/cc2650/obj/link-stats.o
                0x0000000000004564                link_stats_is_fresh
 .text.link_stats_packet_sent
                0x000000000000458c       0xf4 build/cc26x0-cc13x0/launchpad/cc2650/obj/link-stats.o
                0x000000000000458c                link_stats_packet_sent
 .text.link_stats_input_callback
                0x0000000000004680       0x88 build/cc26x0-cc13x0/launchpad/cc2650/obj/link-stats.o
                0x0000000000004680                link_stats_input_callback
 .text.link_stats_reset
                0x0000000000004708       0x2c build/cc26x0-cc13x0/launchpad/cc2650/obj/link-stats.o
                0x0000000000004708                link_stats_reset
 .text.link_stats_init
                0x0000000000004734       0x28 build/cc26x0-cc13x0/launchpad/cc2650/obj/link-stats.o
                0x0000000000004734                link_stats_init
 .text.mac_sequence_is_duplicate
                0x000000000000475c       0x4c build/cc26x0-cc13x0/launchpad/cc2650/obj/mac-sequence.o
                0x000000000000475c                mac_sequence_is_duplicate
 .text.mac_sequence_register_seqno
                0x00000000000047a8       0x64 build/cc26x0-cc13x0/launchpad/cc2650/obj/mac-sequence.o
                0x00000000000047a8                mac_sequence_register_seqno
 .text.mac_call_sent_callback
                0x000000000000480c       0x18 build/cc26x0-cc13x0/launchpad/cc2650/obj/mac.o
                0x000000000000480c                mac_call_sent_callback
 .text.parse    0x0000000000004824       0xa0 build/cc26x0-cc13x0/launchpad/cc2650/obj/framer-802154.o
 .text.framer_802154_setup_params.part.0
                0x00000000000048c4       0x90 build/cc26x0-cc13x0/launchpad/cc2650/obj/framer-802154.o
 .text.create_frame
                0x0000000000004954       0xe4 build/cc26x0-cc13x0/launchpad/cc2650/obj/framer-802154.o
 .text.create   0x0000000000004a38        0x8 build/cc26x0-cc13x0/launchpad/cc2650/obj/framer-802154.o
 .text.hdr_length
                0x0000000000004a40        0x8 build/cc26x0-cc13x0/launchpad/cc2650/obj/framer-802154.o
 .text.frame802154_get_pan_id
                0x0000000000004a48        0xc build/cc26x0-cc13x0/launchpad/cc2650/obj/frame802154.o
                0x0000000000004a48                frame802154_get_pan_id
 .text.frame802154_has_panid
                0x0000000000004a54       0xdc build/cc26x0-cc13x0/launchpad/cc2650/obj/frame802154.o
                0x0000000000004a54                frame802154_has_panid
 .text.field_len
                0x0000000000004b30       0x8c build/cc26x0-cc13x0/launchpad/cc2650/obj/frame802154.o
 .text.frame802154_is_broadcast_addr
                0x0000000000004bbc       0x24 build/cc26x0-cc13x0/launchpad/cc2650/obj/frame802154.o
                0x0000000000004bbc                frame802154_is_broadcast_addr
 .text.frame802154_hdrlen
                0x0000000000004be0       0x34 build/cc26x0-cc13x0/launchpad/cc2650/obj/frame802154.o
                0x0000000000004be0                frame802154_hdrlen
 .text.frame802154_create_fcf
                0x0000000000004c14       0x6c build/cc26x0-cc13x0/launchpad/cc2650/obj/frame802154.o
                0x0000000000004c14                frame802154_create_fcf
 .text.frame802154_create
                0x0000000000004c80       0xb0 build/cc26x0-cc13x0/launchpad/cc2650/obj/frame802154.o
                0x0000000000004c80                frame802154_create
 .text.frame802154_parse_fcf
                0x0000000000004d30       0x6c build/cc26x0-cc13x0/launchpad/cc2650/obj/frame802154.o
                0x0000000000004d30                frame802154_parse_fcf
 .text.frame802154_parse
                0x0000000000004d9c      0x134 build/cc26x0-cc13x0/launchpad/cc2650/obj/frame802154.o
                0x0000000000004d9c                frame802154_parse
 .text.verify_part
                0x0000000000004ed0       0x70 build/cc26x0-cc13x0/launchpad/cc2650/obj/ext-flash.o
 .text.wait_ready
                0x0000000000004f40       0x64 build/cc26x0-cc13x0/launchpad/cc2650/obj/ext-flash.o
 .text.ext_flash_open
                0x0000000000004fa4       0x74 build/cc26x0-cc13x0/launchpad/cc2650/obj/ext-flash.o
                0x0000000000004fa4                ext_flash_open
 .text.ext_flash_close
                0x0000000000005018       0x64 build/cc26x0-cc13x0/launchpad/cc2650/obj/ext-flash.o
                0x0000000000005018                ext_flash_close
 .text.ext_flash_init
                0x000000000000507c       0x18 build/cc26x0-cc13x0/launchpad/cc2650/obj/ext-flash.o
                0x000000000000507c                ext_flash_init
 .text.NOROM_SetupAfterColdResetWakeupFromShutDownCfg1
                0x0000000000005094       0x74 build/cc26x0-cc13x0/launchpad/cc2650/obj/setup_rom.o
                0x0000000000005094                NOROM_SetupAfterColdResetWakeupFromShutDownCfg1
 .text.NOROM_SetupAfterColdResetWakeupFromShutDownCfg3
                0x0000000000005108      0x194 build/cc26x0-cc13x0/launchpad/cc2650/obj/setup_rom.o
                0x0000000000005108                NOROM_SetupAfterColdResetWakeupFromShutDownCfg3
 .text.NOROM_SetupGetTrimForAnabypassValue1
                0x000000000000529c       0x64 build/cc26x0-cc13x0/launchpad/cc2650/obj/setup_rom.o
                0x000000000000529c                NOROM_SetupGetTrimForAnabypassValue1
 .text.NOROM_SetupGetTrimForAmpcompCtrl
                0x0000000000005300       0x58 build/cc26x0-cc13x0/launchpad/cc2650/obj/setup_rom.o
                0x0000000000005300                NOROM_SetupGetTrimForAmpcompCtrl
 .text.NOROM_SetupAfterColdResetWakeupFromShutDownCfg2
                0x0000000000005358      0x18c build/cc26x0-cc13x0/launchpad/cc2650/obj/setup_rom.o
                0x0000000000005358                NOROM_SetupAfterColdResetWakeupFromShutDownCfg2
 .text.NOROM_SetupSetCacheModeAccordingToCcfgSetting
                0x00000000000054e4       0x5c build/cc26x0-cc13x0/launchpad/cc2650/obj/setup_rom.o
                0x00000000000054e4                NOROM_SetupSetCacheModeAccordingToCcfgSetting
 .text.TrimAfterColdResetWakeupFromShutDown
                0x0000000000005540       0xe8 build/cc26x0-cc13x0/launchpad/cc2650/obj/setup.o
 .text.NOROM_SetupTrimDevice
                0x0000000000005628       0xac build/cc26x0-cc13x0/launchpad/cc2650/obj/setup.o
                0x0000000000005628                NOROM_SetupTrimDevice
 .text.NOROM_TRNGConfigure
                0x00000000000056d4       0x38 build/cc26x0-cc13x0/launchpad/cc2650/obj/trng.o
                0x00000000000056d4                NOROM_TRNGConfigure
 .text.NOROM_CPUcpsid
                0x000000000000570c        0x8 build/cc26x0-cc13x0/launchpad/cc2650/obj/cpu.o
                0x000000000000570c                NOROM_CPUcpsid
 .text.NOROM_CPUcpsie
                0x0000000000005714        0x8 build/cc26x0-cc13x0/launchpad/cc2650/obj/cpu.o
                0x0000000000005714                NOROM_CPUcpsie
 .text.NOROM_DDI32RegWrite
                0x000000000000571c       0x2c build/cc26x0-cc13x0/launchpad/cc2650/obj/ddi.o
                0x000000000000571c                NOROM_DDI32RegWrite
 .text.NOROM_DDI16BitfieldWrite
                0x0000000000005748       0x48 build/cc26x0-cc13x0/launchpad/cc2650/obj/ddi.o
                0x0000000000005748                NOROM_DDI16BitfieldWrite
 .text.NOROM_DDI16BitfieldRead
                0x0000000000005790       0x48 build/cc26x0-cc13x0/launchpad/cc2650/obj/ddi.o
                0x0000000000005790                NOROM_DDI16BitfieldRead
 .text.NOROM_ChipInfo_GetChipType
                0x00000000000057d8       0x94 build/cc26x0-cc13x0/launchpad/cc2650/obj/chipinfo.o
                0x00000000000057d8                NOROM_ChipInfo_GetChipType
 .text.NOROM_ChipInfo_GetHwRevision
                0x000000000000586c       0xa8 build/cc26x0-cc13x0/launchpad/cc2650/obj/chipinfo.o
                0x000000000000586c                NOROM_ChipInfo_GetHwRevision
 .text.NOROM_ThisCodeIsBuiltForCC26xxHwRev22AndLater_HaltIfViolated
                0x0000000000005914       0x30 build/cc26x0-cc13x0/launchpad/cc2650/obj/chipinfo.o
                0x0000000000005914                NOROM_ThisCodeIsBuiltForCC26xxHwRev22AndLater_HaltIfViolated
 .text.SafeHapiVoid
                0x0000000000005944       0x28 build/cc26x0-cc13x0/launchpad/cc2650/obj/adi.o
                0x0000000000005944                SafeHapiVoid
 .text.NOROM_PowerCtrlSourceSet
                0x000000000000596c       0x30 build/cc26x0-cc13x0/launchpad/cc2650/obj/pwr_ctrl.o
                0x000000000000596c                NOROM_PowerCtrlSourceSet
 .text.NOROM_SysCtrlSetRechargeBeforePowerDown
                0x000000000000599c      0x240 build/cc26x0-cc13x0/launchpad/cc2650/obj/sys_ctrl.o
                0x000000000000599c                NOROM_SysCtrlSetRechargeBeforePowerDown
 .text.NOROM_SysCtrlAdjustRechargeAfterPowerDown
                0x0000000000005bdc       0x64 build/cc26x0-cc13x0/launchpad/cc2650/obj/sys_ctrl.o
                0x0000000000005bdc                NOROM_SysCtrlAdjustRechargeAfterPowerDown
 .text.NOROM_SysCtrl_DCDC_VoltageConditionalControl
                0x0000000000005c40       0x78 build/cc26x0-cc13x0/launchpad/cc2650/obj/sys_ctrl.o
                0x0000000000005c40                NOROM_SysCtrl_DCDC_VoltageConditionalControl
 .text.NOROM_OSCClockSourceSet
                0x0000000000005cb8       0x58 build/cc26x0-cc13x0/launchpad/cc2650/obj/osc.o
                0x0000000000005cb8                NOROM_OSCClockSourceSet
 .text.NOROM_OSCClockSourceGet
                0x0000000000005d10       0x20 build/cc26x0-cc13x0/launchpad/cc2650/obj/osc.o
                0x0000000000005d10                NOROM_OSCClockSourceGet
 .text.NOROM_AONBatMonTemperatureGetDegC
                0x0000000000005d30       0x2c build/cc26x0-cc13x0/launchpad/cc2650/obj/aon_batmon.o
                0x0000000000005d30                NOROM_AONBatMonTemperatureGetDegC
 .text.NOROM_AONRTCCurrentCompareValueGet
                0x0000000000005d5c       0x18 build/cc26x0-cc13x0/launchpad/cc2650/obj/aon_rtc.o
                0x0000000000005d5c                NOROM_AONRTCCurrentCompareValueGet
 .text.NOROM_AONRTCCurrent64BitValueGet
                0x0000000000005d74       0x14 build/cc26x0-cc13x0/launchpad/cc2650/obj/aon_rtc.o
                0x0000000000005d74                NOROM_AONRTCCurrent64BitValueGet
 .text.fill_space
                0x0000000000005d88       0x3c build/cc26x0-cc13x0/launchpad/cc2650/obj/strformat.o
 .text.format_str_v
                0x0000000000005dc4      0x910 build/cc26x0-cc13x0/launchpad/cc2650/obj/strformat.o
                0x0000000000005dc4                format_str_v
 .text.write_str
                0x00000000000066d4       0x14 build/cc26x0-cc13x0/launchpad/cc2650/obj/printf.o
 .text.printf   0x00000000000066e8       0x24 build/cc26x0-cc13x0/launchpad/cc2650/obj/printf.o
                0x00000000000066e8                printf
 .text.buffer_str
                0x000000000000670c       0x28 build/cc26x0-cc13x0/launchpad/cc2650/obj/snprintf.o
 .text.snprintf
                0x0000000000006734       0x38 build/cc26x0-cc13x0/launchpad/cc2650/obj/snprintf.o
                0x0000000000006734                snprintf
 .text.csma_security_create_frame
                0x000000000000676c       0x18 build/cc26x0-cc13x0/launchpad/cc2650/obj/csma-security.o
                0x000000000000676c                csma_security_create_frame
 .text.csma_security_parse_frame
                0x0000000000006784        0xc build/cc26x0-cc13x0/launchpad/cc2650/obj/csma-security.o
                0x0000000000006784                csma_security_parse_frame
 .text.on       0x0000000000006790        0xc build/cc26x0-cc13x0/launchpad/cc2650/obj/csma.o
 .text.off      0x000000000000679c        0xc build/cc26x0-cc13x0/launchpad/cc2650/obj/csma.o
 .text.max_payload
                0x00000000000067a8       0x40 build/cc26x0-cc13x0/launchpad/cc2650/obj/csma.o
 .text.send_packet
                0x00000000000067e8        0x4 build/cc26x0-cc13x0/launchpad/cc2650/obj/csma.o
 .text.input_packet
                0x00000000000067ec       0x64 build/cc26x0-cc13x0/launchpad/cc2650/obj/csma.o
 .text.init     0x0000000000006850       0x20 build/cc26x0-cc13x0/launchpad/cc2650/obj/csma.o
 .text.tx_done  0x0000000000006870       0xb4 build/cc26x0-cc13x0/launchpad/cc2650/obj/csma-output.o
 .text.transmit_from_queue
                0x0000000000006924      0x214 build/cc26x0-cc13x0/launchpad/cc2650/obj/csma-output.o
 .text.csma_output_packet
                0x0000000000006b38      0x184 build/cc26x0-cc13x0/launchpad/cc2650/obj/csma-output.o
                0x0000000000006b38                csma_output_packet
 .text.csma_output_init
                0x0000000000006cbc       0x24 build/cc26x0-cc13x0/launchpad/cc2650/obj/csma-output.o
                0x0000000000006cbc                csma_output_init
 .text.uipbuf_clear
                0x0000000000006ce0       0x30 build/cc26x0-cc13x0/launchpad/cc2650/obj/uipbuf.o
                0x0000000000006ce0                uipbuf_clear
 .text.uipbuf_add_ext_hdr
                0x0000000000006d10       0x38 build/cc26x0-cc13x0/launchpad/cc2650/obj/uipbuf.o
                0x0000000000006d10                uipbuf_add_ext_hdr
 .text.uipbuf_set_len
                0x0000000000006d48       0x18 build/cc26x0-cc13x0/launchpad/cc2650/obj/uipbuf.o
                0x0000000000006d48                uipbuf_set_len
 .text.uipbuf_set_len_field
                0x0000000000006d60        0x8 build/cc26x0-cc13x0/launchpad/cc2650/obj/uipbuf.o
                0x0000000000006d60                uipbuf_set_len_field
 .text.uipbuf_get_len_field
                0x0000000000006d68        0xc build/cc26x0-cc13x0/launchpad/cc2650/obj/uipbuf.o
                0x0000000000006d68                uipbuf_get_len_field
 .text.uipbuf_get_next_header
                0x0000000000006d74       0x6c build/cc26x0-cc13x0/launchpad/cc2650/obj/uipbuf.o
                0x0000000000006d74                uipbuf_get_next_header
 .text.uipbuf_get_last_header
                0x0000000000006de0       0x70 build/cc26x0-cc13x0/launchpad/cc2650/obj/uipbuf.o
                0x0000000000006de0                uipbuf_get_last_header
 .text.uipbuf_search_header
                0x0000000000006e50       0x88 build/cc26x0-cc13x0/launchpad/cc2650/obj/uipbuf.o
                0x0000000000006e50                uipbuf_search_header
 .text.uipbuf_get_attr
                0x0000000000006ed8       0x14 build/cc26x0-cc13x0/launchpad/cc2650/obj/uipbuf.o
                0x0000000000006ed8                uipbuf_get_attr
 .text.uipbuf_set_attr
                0x0000000000006eec       0x18 build/cc26x0-cc13x0/launchpad/cc2650/obj/uipbuf.o
                0x0000000000006eec                uipbuf_set_attr
 .text.uipbuf_init
                0x0000000000006f04       0x20 build/cc26x0-cc13x0/launchpad/cc2650/obj/uipbuf.o
                0x0000000000006f04                uipbuf_init
 .text.echo_reply_input
                0x0000000000006f24       0x70 build/cc26x0-cc13x0/launchpad/cc2650/obj/uip-icmp6.o
 .text.echo_request_input
                0x0000000000006f94       0x84 build/cc26x0-cc13x0/launchpad/cc2650/obj/uip-icmp6.o
 .text.uip_icmp6_input
                0x0000000000007018       0x3c build/cc26x0-cc13x0/launchpad/cc2650/obj/uip-icmp6.o
                0x0000000000007018                uip_icmp6_input
 .text.uip_icmp6_register_input_handler
                0x0000000000007054        0xc build/cc26x0-cc13x0/launchpad/cc2650/obj/uip-icmp6.o
                0x0000000000007054                uip_icmp6_register_input_handler
 .text.uip_icmp6_error_output
                0x0000000000007060      0x148 build/cc26x0-cc13x0/launchpad/cc2650/obj/uip-icmp6.o
                0x0000000000007060                uip_icmp6_error_output
 .text.uip_icmp6_send
                0x00000000000071a8       0x80 build/cc26x0-cc13x0/launchpad/cc2650/obj/uip-icmp6.o
                0x00000000000071a8                uip_icmp6_send
 .text.uip_icmp6_init
                0x0000000000007228       0x24 build/cc26x0-cc13x0/launchpad/cc2650/obj/uip-icmp6.o
                0x0000000000007228                uip_icmp6_init
 .text.uip_sr_get_node
                0x000000000000724c       0x54 build/cc26x0-cc13x0/launchpad/cc2650/obj/uip-sr.o
                0x000000000000724c                uip_sr_get_node
 .text.uip_sr_is_addr_reachable
                0x00000000000072a0       0x4c build/cc26x0-cc13x0/launchpad/cc2650/obj/uip-sr.o
                0x00000000000072a0                uip_sr_is_addr_reachable
 .text.uip_sr_expire_parent
                0x00000000000072ec       0x44 build/cc26x0-cc13x0/launchpad/cc2650/obj/uip-sr.o
                0x00000000000072ec                uip_sr_expire_parent
 .text.uip_sr_update_node
                0x0000000000007330       0xa8 build/cc26x0-cc13x0/launchpad/cc2650/obj/uip-sr.o
                0x0000000000007330                uip_sr_update_node
 .text.uip_sr_init
                0x00000000000073d8       0x24 build/cc26x0-cc13x0/launchpad/cc2650/obj/uip-sr.o
                0x00000000000073d8                uip_sr_init
 .text.uip_sr_periodic
                0x00000000000073fc       0x7c build/cc26x0-cc13x0/launchpad/cc2650/obj/uip-sr.o
                0x00000000000073fc                uip_sr_periodic
 .text.uip_sr_free_all
                0x0000000000007478       0x4c build/cc26x0-cc13x0/launchpad/cc2650/obj/uip-sr.o
                0x0000000000007478                uip_sr_free_all
 .text.uip_ds6_addr_rm.part.0
                0x00000000000074c4       0x88 build/cc26x0-cc13x0/launchpad/cc2650/obj/uip-ds6.o
 .text.uip_ds6_default_prefix
                0x000000000000754c        0x8 build/cc26x0-cc13x0/launchpad/cc2650/obj/uip-ds6.o
                0x000000000000754c                uip_ds6_default_prefix
 .text.uip_ds6_periodic
                0x0000000000007554       0x58 build/cc26x0-cc13x0/launchpad/cc2650/obj/uip-ds6.o
                0x0000000000007554                uip_ds6_periodic
 .text.uip_ds6_prefix_add
                0x00000000000075ac       0xb0 build/cc26x0-cc13x0/launchpad/cc2650/obj/uip-ds6.o
                0x00000000000075ac                uip_ds6_prefix_add
 .text.uip_ds6_is_addr_onlink
                0x000000000000765c       0x44 build/cc26x0-cc13x0/launchpad/cc2650/obj/uip-ds6.o
                0x000000000000765c                uip_ds6_is_addr_onlink
 .text.uip_ds6_addr_rm
                0x00000000000076a0        0x8 build/cc26x0-cc13x0/launchpad/cc2650/obj/uip-ds6.o
                0x00000000000076a0                uip_ds6_addr_rm
 .text.uip_ds6_addr_lookup
                0x00000000000076a8       0x50 build/cc26x0-cc13x0/launchpad/cc2650/obj/uip-ds6.o
                0x00000000000076a8                uip_ds6_addr_lookup
 .text.uip_ds6_get_link_local
                0x00000000000076f8       0x54 build/cc26x0-cc13x0/launchpad/cc2650/obj/uip-ds6.o
                0x00000000000076f8                uip_ds6_get_link_local
 .text.uip_ds6_maddr_add
                0x000000000000774c       0x80 build/cc26x0-cc13x0/launchpad/cc2650/obj/uip-ds6.o
                0x000000000000774c                uip_ds6_maddr_add
 .text.uip_ds6_addr_add
                0x00000000000077cc       0xd4 build/cc26x0-cc13x0/launchpad/cc2650/obj/uip-ds6.o
                0x00000000000077cc                uip_ds6_addr_add
 .text.uip_ds6_init
                0x00000000000078a0      0x13c build/cc26x0-cc13x0/launchpad/cc2650/obj/uip-ds6.o
                0x00000000000078a0                uip_ds6_init
 .text.uip_ds6_maddr_lookup
                0x00000000000079dc       0x50 build/cc26x0-cc13x0/launchpad/cc2650/obj/uip-ds6.o
                0x00000000000079dc                uip_ds6_maddr_lookup
 .text.uip_ds6_select_src
                0x0000000000007a2c      0x118 build/cc26x0-cc13x0/launchpad/cc2650/obj/uip-ds6.o
                0x0000000000007a2c                uip_ds6_select_src
 .text.uip_ds6_set_addr_iid
                0x0000000000007b44       0x18 build/cc26x0-cc13x0/launchpad/cc2650/obj/uip-ds6.o
                0x0000000000007b44                uip_ds6_set_addr_iid
 .text.uip_ds6_set_lladdr_from_iid
                0x0000000000007b5c       0x18 build/cc26x0-cc13x0/launchpad/cc2650/obj/uip-ds6.o
                0x0000000000007b5c                uip_ds6_set_lladdr_from_iid
 .text.uiplib_ipaddr_snprint.part.0
                0x0000000000007b74       0xfc build/cc26x0-cc13x0/launchpad/cc2650/obj/uiplib.o
 .text.uiplib_ipaddr_snprint
                0x0000000000007c70       0x1c build/cc26x0-cc13x0/launchpad/cc2650/obj/uiplib.o
                0x0000000000007c70                uiplib_ipaddr_snprint
 .text.tcpip_input
                0x0000000000007c8c       0x2c build/cc26x0-cc13x0/launchpad/cc2650/obj/tcpip.o
                0x0000000000007c8c                tcpip_input
 .text.tcpip_ipv6_output
                0x0000000000007cb8      0x120 build/cc26x0-cc13x0/launchpad/cc2650/obj/tcpip.o
                0x0000000000007cb8                tcpip_ipv6_output
 .text.process_thread_tcpip_process
                0x0000000000007dd8       0xe8 build/cc26x0-cc13x0/launchpad/cc2650/obj/tcpip.o
 .text.tcpip_uipcall
                0x0000000000007ec0       0x2c build/cc26x0-cc13x0/launchpad/cc2650/obj/tcpip.o
                0x0000000000007ec0                tcpip_uipcall
 .text.uip_ds6_route_init
                0x0000000000007eec       0x1c build/cc26x0-cc13x0/launchpad/cc2650/obj/uip-ds6-route.o
                0x0000000000007eec                uip_ds6_route_init
 .text.uip_ds6_route_nexthop
                0x0000000000007f08        0x4 build/cc26x0-cc13x0/launchpad/cc2650/obj/uip-ds6-route.o
                0x0000000000007f08                uip_ds6_route_nexthop
 .text.uip_ds6_route_lookup
                0x0000000000007f0c        0x4 build/cc26x0-cc13x0/launchpad/cc2650/obj/uip-ds6-route.o
                0x0000000000007f0c                uip_ds6_route_lookup
 .text.uip_ds6_route_rm
                0x0000000000007f10        0x4 build/cc26x0-cc13x0/launchpad/cc2650/obj/uip-ds6-route.o
                0x0000000000007f10                uip_ds6_route_rm
 .text.uip_ds6_defrt_rm
                0x0000000000007f14       0x3c build/cc26x0-cc13x0/launchpad/cc2650/obj/uip-ds6-route.o
                0x0000000000007f14                uip_ds6_defrt_rm
 .text.uip_ds6_defrt_lookup
                0x0000000000007f50       0x38 build/cc26x0-cc13x0/launchpad/cc2650/obj/uip-ds6-route.o
                0x0000000000007f50                uip_ds6_defrt_lookup
 .text.uip_ds6_defrt_add
                0x0000000000007f88       0x60 build/cc26x0-cc13x0/launchpad/cc2650/obj/uip-ds6-route.o
                0x0000000000007f88                uip_ds6_defrt_add
 .text.uip_ds6_defrt_choose
                0x0000000000007fe8       0x34 build/cc26x0-cc13x0/launchpad/cc2650/obj/uip-ds6-route.o
                0x0000000000007fe8                uip_ds6_defrt_choose
 .text.uip_ds6_defrt_periodic
                0x000000000000801c       0x44 build/cc26x0-cc13x0/launchpad/cc2650/obj/uip-ds6-route.o
                0x000000000000801c                uip_ds6_defrt_periodic
 .text.chksum   0x0000000000008060       0x64 build/cc26x0-cc13x0/launchpad/cc2650/obj/uip6.o
 .text.ext_hdr_options_process
                0x00000000000080c4       0x98 build/cc26x0-cc13x0/launchpad/cc2650/obj/uip6.o
 .text.uip_update_ttl.isra.0
                0x000000000000815c       0x1c build/cc26x0-cc13x0/launchpad/cc2650/obj/uip6.o
 .text.upper_layer_chksum
                0x0000000000008178       0x78 build/cc26x0-cc13x0/launchpad/cc2650/obj/uip6.o
 .text.uip_icmp6chksum
                0x00000000000081f0        0x8 build/cc26x0-cc13x0/launchpad/cc2650/obj/uip6.o
                0x00000000000081f0                uip_icmp6chksum
 .text.uip_init
                0x00000000000081f8       0x44 build/cc26x0-cc13x0/launchpad/cc2650/obj/uip6.o
                0x00000000000081f8                uip_init
 .text.uip_remove_ext_hdr
                0x000000000000823c       0x6c build/cc26x0-cc13x0/launchpad/cc2650/obj/uip6.o
                0x000000000000823c                uip_remove_ext_hdr
 .text.uip_process
                0x00000000000082a8      0x49c build/cc26x0-cc13x0/launchpad/cc2650/obj/uip6.o
                0x00000000000082a8                uip_process
 .text.uip_htonl
                0x0000000000008744        0x4 build/cc26x0-cc13x0/launchpad/cc2650/obj/uip6.o
                0x0000000000008744                uip_htonl
 .text.uip_ds6_nbr_rm
                0x0000000000008748       0x24 build/cc26x0-cc13x0/launchpad/cc2650/obj/uip-ds6-nbr.o
                0x0000000000008748                uip_ds6_nbr_rm
 .text.uip_ds6_neighbors_init
                0x000000000000876c       0x1c build/cc26x0-cc13x0/launchpad/cc2650/obj/uip-ds6-nbr.o
                0x000000000000876c                uip_ds6_neighbors_init
 .text.uip_ds6_nbr_add
                0x0000000000008788       0x40 build/cc26x0-cc13x0/launchpad/cc2650/obj/uip-ds6-nbr.o
                0x0000000000008788                uip_ds6_nbr_add
 .text.uip_ds6_nbr_update_ll
                0x00000000000087c8       0x78 build/cc26x0-cc13x0/launchpad/cc2650/obj/uip-ds6-nbr.o
                0x00000000000087c8                uip_ds6_nbr_update_ll
 .text.uip_ds6_nbr_get_ll
                0x0000000000008840        0xc build/cc26x0-cc13x0/launchpad/cc2650/obj/uip-ds6-nbr.o
                0x0000000000008840                uip_ds6_nbr_get_ll
 .text.uip_ds6_nbr_lookup
                0x000000000000884c       0x3c build/cc26x0-cc13x0/launchpad/cc2650/obj/uip-ds6-nbr.o
                0x000000000000884c                uip_ds6_nbr_lookup
 .text.uip_ds6_nbr_ipaddr_from_lladdr
                0x0000000000008888        0xc build/cc26x0-cc13x0/launchpad/cc2650/obj/uip-ds6-nbr.o
                0x0000000000008888                uip_ds6_nbr_ipaddr_from_lladdr
 .text.uip_ds6_nbr_lladdr_from_ipaddr
                0x0000000000008894       0x1c build/cc26x0-cc13x0/launchpad/cc2650/obj/uip-ds6-nbr.o
                0x0000000000008894                uip_ds6_nbr_lladdr_from_ipaddr
 .text.uip_ds6_link_callback
                0x00000000000088b0        0x4 build/cc26x0-cc13x0/launchpad/cc2650/obj/uip-ds6-nbr.o
                0x00000000000088b0                uip_ds6_link_callback
 .text.ns_input
                0x00000000000088b4      0x298 build/cc26x0-cc13x0/launchpad/cc2650/obj/uip-nd6.o
 .text.uip_nd6_init
                0x0000000000008b4c        0xc build/cc26x0-cc13x0/launchpad/cc2650/obj/uip-nd6.o
                0x0000000000008b4c                uip_nd6_init
 .text.sicslowpan_init
                0x0000000000008b58       0x10 build/cc26x0-cc13x0/launchpad/cc2650/obj/sicslowpan.o
                0x0000000000008b58                sicslowpan_init
 .text.set_packet_attrs
                0x0000000000008b68       0x74 build/cc26x0-cc13x0/launchpad/cc2650/obj/sicslowpan.o
 .text.compress_addr_64
                0x0000000000008bdc       0xa0 build/cc26x0-cc13x0/launchpad/cc2650/obj/sicslowpan.o
 .text.packet_sent
                0x0000000000008c7c       0x5c build/cc26x0-cc13x0/launchpad/cc2650/obj/sicslowpan.o
 .text.store_fragment
                0x0000000000008cd8       0x64 build/cc26x0-cc13x0/launchpad/cc2650/obj/sicslowpan.o
 .text.uncompress_addr
                0x0000000000008d3c       0x9c build/cc26x0-cc13x0/launchpad/cc2650/obj/sicslowpan.o
 .text.fragment_copy_payload_and_send
                0x0000000000008dd8       0x84 build/cc26x0-cc13x0/launchpad/cc2650/obj/sicslowpan.o
 .text.output   0x0000000000008e5c      0x810 build/cc26x0-cc13x0/launchpad/cc2650/obj/sicslowpan.o
 .text.add_fragment
                0x000000000000966c      0x198 build/cc26x0-cc13x0/launchpad/cc2650/obj/sicslowpan.o
 .text.input    0x0000000000009804      0x984 build/cc26x0-cc13x0/launchpad/cc2650/obj/sicslowpan.o
 .text.rpl_nbr_gc_get_worst
                0x000000000000a188       0x40 build/cc26x0-cc13x0/launchpad/cc2650/obj/rpl-nbr-policy.o
                0x000000000000a188                rpl_nbr_gc_get_worst
 .text.remove_neighbor
                0x000000000000a1c8       0x3c build/cc26x0-cc13x0/launchpad/cc2650/obj/rpl-neighbor.o
 .text.best_parent
                0x000000000000a204       0xac build/cc26x0-cc13x0/launchpad/cc2650/obj/rpl-neighbor.o
 .text.rpl_neighbor_get_from_lladdr
                0x000000000000a2b0       0x10 build/cc26x0-cc13x0/launchpad/cc2650/obj/rpl-neighbor.o
                0x000000000000a2b0                rpl_neighbor_get_from_lladdr
 .text.rpl_neighbor_rank_via_nbr
                0x000000000000a2c0       0x18 build/cc26x0-cc13x0/launchpad/cc2650/obj/rpl-neighbor.o
                0x000000000000a2c0                rpl_neighbor_rank_via_nbr
 .text.rpl_neighbor_get_ipaddr
                0x000000000000a2d8       0x18 build/cc26x0-cc13x0/launchpad/cc2650/obj/rpl-neighbor.o
                0x000000000000a2d8                rpl_neighbor_get_ipaddr
 .text.rpl_neighbor_get_link_stats
                0x000000000000a2f0       0x18 build/cc26x0-cc13x0/launchpad/cc2650/obj/rpl-neighbor.o
                0x000000000000a2f0                rpl_neighbor_get_link_stats
 .text.rpl_neighbor_is_fresh
                0x000000000000a308       0x1c build/cc26x0-cc13x0/launchpad/cc2650/obj/rpl-neighbor.o
                0x000000000000a308                rpl_neighbor_is_fresh
 .text.rpl_neighbor_set_preferred_parent
                0x000000000000a324       0x54 build/cc26x0-cc13x0/launchpad/cc2650/obj/rpl-neighbor.o
                0x000000000000a324                rpl_neighbor_set_preferred_parent
 .text.rpl_neighbor_remove_all
                0x000000000000a378       0x5c build/cc26x0-cc13x0/launchpad/cc2650/obj/rpl-neighbor.o
                0x000000000000a378                rpl_neighbor_remove_all
 .text.rpl_neighbor_get_from_ipaddr
                0x000000000000a3d4       0x1c build/cc26x0-cc13x0/launchpad/cc2650/obj/rpl-neighbor.o
                0x000000000000a3d4                rpl_neighbor_get_from_ipaddr
 .text.rpl_neighbor_select_best
                0x000000000000a3f0       0x6c build/cc26x0-cc13x0/launchpad/cc2650/obj/rpl-neighbor.o
                0x000000000000a3f0                rpl_neighbor_select_best
 .text.rpl_neighbor_init
                0x000000000000a45c       0x14 build/cc26x0-cc13x0/launchpad/cc2650/obj/rpl-neighbor.o
                0x000000000000a45c                rpl_neighbor_init
 .text.init_dag
                0x000000000000a470       0x78 build/cc26x0-cc13x0/launchpad/cc2650/obj/rpl-dag.o
 .text.init_dag_from_dio
                0x000000000000a4e8       0x6c build/cc26x0-cc13x0/launchpad/cc2650/obj/rpl-dag.o
 .text.rpl_dag_update_state.part.0
                0x000000000000a554      0x14c build/cc26x0-cc13x0/launchpad/cc2650/obj/rpl-dag.o
 .text.rpl_dag_get_root_ipaddr
                0x000000000000a6a0       0x2c build/cc26x0-cc13x0/launchpad/cc2650/obj/rpl-dag.o
                0x000000000000a6a0                rpl_dag_get_root_ipaddr
 .text.rpl_dag_leave
                0x000000000000a6cc       0x5c build/cc26x0-cc13x0/launchpad/cc2650/obj/rpl-dag.o
                0x000000000000a6cc                rpl_dag_leave
 .text.rpl_dag_poison_and_leave
                0x000000000000a728       0x10 build/cc26x0-cc13x0/launchpad/cc2650/obj/rpl-dag.o
                0x000000000000a728                rpl_dag_poison_and_leave
 .text.rpl_dag_periodic
                0x000000000000a738       0x44 build/cc26x0-cc13x0/launchpad/cc2650/obj/rpl-dag.o
                0x000000000000a738                rpl_dag_periodic
 .text.rpl_is_addr_in_our_dag
                0x000000000000a77c       0x28 build/cc26x0-cc13x0/launchpad/cc2650/obj/rpl-dag.o
                0x000000000000a77c                rpl_is_addr_in_our_dag
 .text.rpl_global_repair
                0x000000000000a7a4       0x58 build/cc26x0-cc13x0/launchpad/cc2650/obj/rpl-dag.o
                0x000000000000a7a4                rpl_global_repair
 .text.rpl_local_repair
                0x000000000000a7fc       0x34 build/cc26x0-cc13x0/launchpad/cc2650/obj/rpl-dag.o
                0x000000000000a7fc                rpl_local_repair
 .text.rpl_dag_ready_to_advertise
                0x000000000000a830       0x24 build/cc26x0-cc13x0/launchpad/cc2650/obj/rpl-dag.o
                0x000000000000a830                rpl_dag_ready_to_advertise
 .text.rpl_dag_update_state
                0x000000000000a854       0x10 build/cc26x0-cc13x0/launchpad/cc2650/obj/rpl-dag.o
                0x000000000000a854                rpl_dag_update_state
 .text.rpl_process_dio
                0x000000000000a864      0x1f8 build/cc26x0-cc13x0/launchpad/cc2650/obj/rpl-dag.o
                0x000000000000a864                rpl_process_dio
 .text.rpl_process_dis
                0x000000000000aa5c       0x28 build/cc26x0-cc13x0/launchpad/cc2650/obj/rpl-dag.o
                0x000000000000aa5c                rpl_process_dis
 .text.rpl_process_dao
                0x000000000000aa84       0x4c build/cc26x0-cc13x0/launchpad/cc2650/obj/rpl-dag.o
                0x000000000000aa84                rpl_process_dao
 .text.rpl_process_dao_ack
                0x000000000000aad0       0x60 build/cc26x0-cc13x0/launchpad/cc2650/obj/rpl-dag.o
                0x000000000000aad0                rpl_process_dao_ack
 .text.rpl_process_hbh
                0x000000000000ab30       0x2c build/cc26x0-cc13x0/launchpad/cc2650/obj/rpl-dag.o
                0x000000000000ab30                rpl_process_hbh
 .text.rpl_dag_init_root
                0x000000000000ab5c       0xb4 build/cc26x0-cc13x0/launchpad/cc2650/obj/rpl-dag.o
                0x000000000000ab5c                rpl_dag_init_root
 .text.rpl_dag_init
                0x000000000000ac10       0x10 build/cc26x0-cc13x0/launchpad/cc2650/obj/rpl-dag.o
                0x000000000000ac10                rpl_dag_init
 .text.new_dio_interval
                0x000000000000ac20       0x58 build/cc26x0-cc13x0/launchpad/cc2650/obj/rpl-timers.o
 .text.handle_unicast_dio_timer
                0x000000000000ac78       0x1c build/cc26x0-cc13x0/launchpad/cc2650/obj/rpl-timers.o
 .text.resend_dao
                0x000000000000ac94       0x64 build/cc26x0-cc13x0/launchpad/cc2650/obj/rpl-timers.o
 .text.handle_dao_ack_timer
                0x000000000000acf8       0x14 build/cc26x0-cc13x0/launchpad/cc2650/obj/rpl-timers.o
 .text.handle_leaving_timer
                0x000000000000ad0c       0x10 build/cc26x0-cc13x0/launchpad/cc2650/obj/rpl-timers.o
 .text.handle_state_update
                0x000000000000ad1c        0x4 build/cc26x0-cc13x0/launchpad/cc2650/obj/rpl-timers.o
 .text.handle_dio_timer
                0x000000000000ad20       0x70 build/cc26x0-cc13x0/launchpad/cc2650/obj/rpl-timers.o
 .text.send_new_dao
                0x000000000000ad90       0x64 build/cc26x0-cc13x0/launchpad/cc2650/obj/rpl-timers.o
 .text.handle_periodic_timer
                0x000000000000adf4       0x98 build/cc26x0-cc13x0/launchpad/cc2650/obj/rpl-timers.o
 .text.handle_dis_timer
                0x000000000000ae8c       0x6c build/cc26x0-cc13x0/launchpad/cc2650/obj/rpl-timers.o
 .text.rpl_timers_schedule_periodic_dis
                0x000000000000aef8       0x44 build/cc26x0-cc13x0/launchpad/cc2650/obj/rpl-timers.o
                0x000000000000aef8                rpl_timers_schedule_periodic_dis
 .text.rpl_timers_dio_reset
                0x000000000000af3c       0x34 build/cc26x0-cc13x0/launchpad/cc2650/obj/rpl-timers.o
                0x000000000000af3c                rpl_timers_dio_reset
 .text.rpl_timers_schedule_unicast_dio
                0x000000000000af70       0x24 build/cc26x0-cc13x0/launchpad/cc2650/obj/rpl-timers.o
                0x000000000000af70                rpl_timers_schedule_unicast_dio
 .text.rpl_timers_schedule_dao
                0x000000000000af94       0x34 build/cc26x0-cc13x0/launchpad/cc2650/obj/rpl-timers.o
                0x000000000000af94                rpl_timers_schedule_dao
 .text.rpl_timers_schedule_dao_ack
                0x000000000000afc8       0x3c build/cc26x0-cc13x0/launchpad/cc2650/obj/rpl-timers.o
                0x000000000000afc8                rpl_timers_schedule_dao_ack
 .text.rpl_timers_notify_dao_ack
                0x000000000000b004       0x58 build/cc26x0-cc13x0/launchpad/cc2650/obj/rpl-timers.o
                0x000000000000b004                rpl_timers_notify_dao_ack
 .text.get_probing_target
                0x000000000000b05c       0xdc build/cc26x0-cc13x0/launchpad/cc2650/obj/rpl-timers.o
                0x000000000000b05c                get_probing_target
 .text.handle_probing_timer
                0x000000000000b138       0x5c build/cc26x0-cc13x0/launchpad/cc2650/obj/rpl-timers.o
 .text.rpl_schedule_probing
                0x000000000000b194       0x44 build/cc26x0-cc13x0/launchpad/cc2650/obj/rpl-timers.o
                0x000000000000b194                rpl_schedule_probing
 .text.rpl_schedule_probing_now
                0x000000000000b1d8       0x2c build/cc26x0-cc13x0/launchpad/cc2650/obj/rpl-timers.o
                0x000000000000b1d8                rpl_schedule_probing_now
 .text.rpl_timers_unschedule_leaving
                0x000000000000b204       0x28 build/cc26x0-cc13x0/launchpad/cc2650/obj/rpl-timers.o
                0x000000000000b204                rpl_timers_unschedule_leaving
 .text.rpl_timers_schedule_leaving
                0x000000000000b22c       0x34 build/cc26x0-cc13x0/launchpad/cc2650/obj/rpl-timers.o
                0x000000000000b22c                rpl_timers_schedule_leaving
 .text.rpl_timers_init
                0x000000000000b260       0x5c build/cc26x0-cc13x0/launchpad/cc2650/obj/rpl-timers.o
                0x000000000000b260                rpl_timers_init
 .text.rpl_timers_stop_dag_timers
                0x000000000000b2bc       0x44 build/cc26x0-cc13x0/launchpad/cc2650/obj/rpl-timers.o
                0x000000000000b2bc                rpl_timers_stop_dag_timers
 .text.rpl_timers_unschedule_state_update
                0x000000000000b300       0x14 build/cc26x0-cc13x0/launchpad/cc2650/obj/rpl-timers.o
                0x000000000000b300                rpl_timers_unschedule_state_update
 .text.rpl_timers_schedule_state_update
                0x000000000000b314       0x1c build/cc26x0-cc13x0/launchpad/cc2650/obj/rpl-timers.o
                0x000000000000b314                rpl_timers_schedule_state_update
 .text.update_hbh_header
                0x000000000000b330       0x4c build/cc26x0-cc13x0/launchpad/cc2650/obj/rpl-ext-header.o
 .text.rpl_ext_header_srh_get_next_hop
                0x000000000000b37c       0x80 build/cc26x0-cc13x0/launchpad/cc2650/obj/rpl-ext-header.o
                0x000000000000b37c                rpl_ext_header_srh_get_next_hop
 .text.rpl_ext_header_srh_update
                0x000000000000b3fc       0xbc build/cc26x0-cc13x0/launchpad/cc2650/obj/rpl-ext-header.o
                0x000000000000b3fc                rpl_ext_header_srh_update
 .text.rpl_ext_header_hbh_update
                0x000000000000b4b8       0x88 build/cc26x0-cc13x0/launchpad/cc2650/obj/rpl-ext-header.o
                0x000000000000b4b8                rpl_ext_header_hbh_update
 .text.rpl_ext_header_remove
                0x000000000000b540       0xb8 build/cc26x0-cc13x0/launchpad/cc2650/obj/rpl-ext-header.o
                0x000000000000b540                rpl_ext_header_remove
 .text.rpl_ext_header_update
                0x000000000000b5f8      0x2c8 build/cc26x0-cc13x0/launchpad/cc2650/obj/rpl-ext-header.o
                0x000000000000b5f8                rpl_ext_header_update
 .text.rpl_has_joined
                0x000000000000b8c0       0x18 build/cc26x0-cc13x0/launchpad/cc2650/obj/rpl.o
                0x000000000000b8c0                rpl_has_joined
 .text.rpl_is_reachable
                0x000000000000b8d8       0x1c build/cc26x0-cc13x0/launchpad/cc2650/obj/rpl.o
                0x000000000000b8d8                rpl_is_reachable
 .text.neighbor_state_changed
                0x000000000000b8f4        0x4 build/cc26x0-cc13x0/launchpad/cc2650/obj/rpl.o
 .text.rpl_get_leaf_only
                0x000000000000b8f8        0xc build/cc26x0-cc13x0/launchpad/cc2650/obj/rpl.o
                0x000000000000b8f8                rpl_get_leaf_only
 .text.init     0x000000000000b904       0x38 build/cc26x0-cc13x0/launchpad/cc2650/obj/rpl.o
 .text.rpl_link_callback
                0x000000000000b93c       0x30 build/cc26x0-cc13x0/launchpad/cc2650/obj/rpl.o
                0x000000000000b93c                rpl_link_callback
 .text.get_sr_node_ipaddr
                0x000000000000b96c       0x2c build/cc26x0-cc13x0/launchpad/cc2650/obj/rpl.o
 .text.drop_route
                0x000000000000b998        0x4 build/cc26x0-cc13x0/launchpad/cc2650/obj/rpl.o
 .text.rpl_lollipop_greater_than
                0x000000000000b99c       0x3c build/cc26x0-cc13x0/launchpad/cc2650/obj/rpl.o
                0x000000000000b99c                rpl_lollipop_greater_than
 .text.rpl_get_global_address
                0x000000000000b9d8       0x64 build/cc26x0-cc13x0/launchpad/cc2650/obj/rpl.o
                0x000000000000b9d8                rpl_get_global_address
 .text.rpl_reset_prefix